Archive member included to satisfy reference by file (symbol)

C:/STM32CubeIDE_1.18.1/STM32CubeIDE/plugins/com.st.stm32cube.ide.mcu.externaltools.gnu-tools-for-stm32.13.3.rel1.win32_1.0.0.202411081344/tools/bin/../lib/gcc/arm-none-eabi/13.3.1/../../../../arm-none-eabi/lib/thumb/v7e-m+fp/hard\libc_nano.a(libc_a-exit.o)
                              C:/STM32CubeIDE_1.18.1/STM32CubeIDE/plugins/com.st.stm32cube.ide.mcu.externaltools.gnu-tools-for-stm32.13.3.rel1.win32_1.0.0.202411081344/tools/bin/../lib/gcc/arm-none-eabi/13.3.1/../../../../arm-none-eabi/lib/thumb/v7e-m+fp/hard/crt0.o (exit)
C:/STM32CubeIDE_1.18.1/STM32CubeIDE/plugins/com.st.stm32cube.ide.mcu.externaltools.gnu-tools-for-stm32.13.3.rel1.win32_1.0.0.202411081344/tools/bin/../lib/gcc/arm-none-eabi/13.3.1/../../../../arm-none-eabi/lib/thumb/v7e-m+fp/hard\libc_nano.a(libc_a-malloc.o)
                              ./Core/Src/Fluid_Sense.o (malloc)
C:/STM32CubeIDE_1.18.1/STM32CubeIDE/plugins/com.st.stm32cube.ide.mcu.externaltools.gnu-tools-for-stm32.13.3.rel1.win32_1.0.0.202411081344/tools/bin/../lib/gcc/arm-none-eabi/13.3.1/../../../../arm-none-eabi/lib/thumb/v7e-m+fp/hard\libc_nano.a(libc_a-mallocr.o)
                              C:/STM32CubeIDE_1.18.1/STM32CubeIDE/plugins/com.st.stm32cube.ide.mcu.externaltools.gnu-tools-for-stm32.13.3.rel1.win32_1.0.0.202411081344/tools/bin/../lib/gcc/arm-none-eabi/13.3.1/../../../../arm-none-eabi/lib/thumb/v7e-m+fp/hard\libc_nano.a(libc_a-malloc.o) (_malloc_r)
C:/STM32CubeIDE_1.18.1/STM32CubeIDE/plugins/com.st.stm32cube.ide.mcu.externaltools.gnu-tools-for-stm32.13.3.rel1.win32_1.0.0.202411081344/tools/bin/../lib/gcc/arm-none-eabi/13.3.1/../../../../arm-none-eabi/lib/thumb/v7e-m+fp/hard\libc_nano.a(libc_a-mlock.o)
                              C:/STM32CubeIDE_1.18.1/STM32CubeIDE/plugins/com.st.stm32cube.ide.mcu.externaltools.gnu-tools-for-stm32.13.3.rel1.win32_1.0.0.202411081344/tools/bin/../lib/gcc/arm-none-eabi/13.3.1/../../../../arm-none-eabi/lib/thumb/v7e-m+fp/hard\libc_nano.a(libc_a-mallocr.o) (__malloc_lock)
C:/STM32CubeIDE_1.18.1/STM32CubeIDE/plugins/com.st.stm32cube.ide.mcu.externaltools.gnu-tools-for-stm32.13.3.rel1.win32_1.0.0.202411081344/tools/bin/../lib/gcc/arm-none-eabi/13.3.1/../../../../arm-none-eabi/lib/thumb/v7e-m+fp/hard\libc_nano.a(libc_a-nano-vfprintf_float.o)
                              (_printf_float)
C:/STM32CubeIDE_1.18.1/STM32CubeIDE/plugins/com.st.stm32cube.ide.mcu.externaltools.gnu-tools-for-stm32.13.3.rel1.win32_1.0.0.202411081344/tools/bin/../lib/gcc/arm-none-eabi/13.3.1/../../../../arm-none-eabi/lib/thumb/v7e-m+fp/hard\libc_nano.a(libc_a-nano-vfprintf_i.o)
                              C:/STM32CubeIDE_1.18.1/STM32CubeIDE/plugins/com.st.stm32cube.ide.mcu.externaltools.gnu-tools-for-stm32.13.3.rel1.win32_1.0.0.202411081344/tools/bin/../lib/gcc/arm-none-eabi/13.3.1/../../../../arm-none-eabi/lib/thumb/v7e-m+fp/hard\libc_nano.a(libc_a-nano-vfprintf_float.o) (_printf_common)
C:/STM32CubeIDE_1.18.1/STM32CubeIDE/plugins/com.st.stm32cube.ide.mcu.externaltools.gnu-tools-for-stm32.13.3.rel1.win32_1.0.0.202411081344/tools/bin/../lib/gcc/arm-none-eabi/13.3.1/../../../../arm-none-eabi/lib/thumb/v7e-m+fp/hard\libc_nano.a(libc_a-nano-vfscanf_float.o)
                              (_scanf_float)
C:/STM32CubeIDE_1.18.1/STM32CubeIDE/plugins/com.st.stm32cube.ide.mcu.externaltools.gnu-tools-for-stm32.13.3.rel1.win32_1.0.0.202411081344/tools/bin/../lib/gcc/arm-none-eabi/13.3.1/../../../../arm-none-eabi/lib/thumb/v7e-m+fp/hard\libc_nano.a(libc_a-findfp.o)
                              C:/STM32CubeIDE_1.18.1/STM32CubeIDE/plugins/com.st.stm32cube.ide.mcu.externaltools.gnu-tools-for-stm32.13.3.rel1.win32_1.0.0.202411081344/tools/bin/../lib/gcc/arm-none-eabi/13.3.1/../../../../arm-none-eabi/lib/thumb/v7e-m+fp/hard\libc_nano.a(libc_a-exit.o) (__stdio_exit_handler)
C:/STM32CubeIDE_1.18.1/STM32CubeIDE/plugins/com.st.stm32cube.ide.mcu.externaltools.gnu-tools-for-stm32.13.3.rel1.win32_1.0.0.202411081344/tools/bin/../lib/gcc/arm-none-eabi/13.3.1/../../../../arm-none-eabi/lib/thumb/v7e-m+fp/hard\libc_nano.a(libc_a-fwalk.o)
                              C:/STM32CubeIDE_1.18.1/STM32CubeIDE/plugins/com.st.stm32cube.ide.mcu.externaltools.gnu-tools-for-stm32.13.3.rel1.win32_1.0.0.202411081344/tools/bin/../lib/gcc/arm-none-eabi/13.3.1/../../../../arm-none-eabi/lib/thumb/v7e-m+fp/hard\libc_nano.a(libc_a-findfp.o) (_fwalk_sglue)
C:/STM32CubeIDE_1.18.1/STM32CubeIDE/plugins/com.st.stm32cube.ide.mcu.externaltools.gnu-tools-for-stm32.13.3.rel1.win32_1.0.0.202411081344/tools/bin/../lib/gcc/arm-none-eabi/13.3.1/../../../../arm-none-eabi/lib/thumb/v7e-m+fp/hard\libc_nano.a(libc_a-puts.o)
                              ./Core/Src/i2c.o (puts)
C:/STM32CubeIDE_1.18.1/STM32CubeIDE/plugins/com.st.stm32cube.ide.mcu.externaltools.gnu-tools-for-stm32.13.3.rel1.win32_1.0.0.202411081344/tools/bin/../lib/gcc/arm-none-eabi/13.3.1/../../../../arm-none-eabi/lib/thumb/v7e-m+fp/hard\libc_nano.a(libc_a-snprintf.o)
[...]
Memory Configuration

Name             Origin             Length             Attributes
RAM              0x20000000         0x00020000         xrw
FLASH            0x08008000         0x00078000         xr
*default*        0x00000000         0xffffffff

Linker script and memory map

LOAD C:/STM32CubeIDE_1.18.1/STM32CubeIDE/plugins/com.st.stm32cube.ide.mcu.externaltools.gnu-tools-for-stm32.13.3.rel1.win32_1.0.0.202411081344/tools/bin/../lib/gcc/arm-none-eabi/13.3.1/thumb/v7e-m+fp/hard/crti.o
LOAD C:/STM32CubeIDE_1.18.1/STM32CubeIDE/plugins/com.st.stm32cube.ide.mcu.externaltools.gnu-tools-for-stm32.13.3.rel1.win32_1.0.0.202411081344/tools/bin/../lib/gcc/arm-none-eabi/13.3.1/thumb/v7e-m+fp/hard/crtbegin.o
LOAD C:/STM32CubeIDE_1.18.1/STM32CubeIDE/plugins/com.st.stm32cube.ide.mcu.externaltools.gnu-tools-for-stm32.13.3.rel1.win32_1.0.0.202411081344/tools/bin/../lib/gcc/arm-none-eabi/13.3.1/../../../../arm-none-eabi/lib/thumb/v7e-m+fp/hard/crt0.o
LOAD ./Core/Src/Fluid_Sense.o
LOAD ./Core/Src/Nozzle_Motor_Z.o
LOAD ./Core/Src/Probe_Motor_Z.o
LOAD ./Core/Src/Rocking_Motor.o
LOAD ./Core/Src/Syringe_Motor.o
LOAD ./Core/Src/X_Motor.o
LOAD ./Core/Src/command_processor.o
LOAD ./Core/Src/commands.o
LOAD ./Core/Src/define.o
LOAD ./Core/Src/gpio.o
LOAD ./Core/Src/i2c.o
LOAD ./Core/Src/main.o
LOAD ./Core/Src/pump.o
LOAD ./Core/Src/sensors.o
LOAD ./Core/Src/stm32f4xx_hal_msp.o
LOAD ./Core/Src/stm32f4xx_it.o
LOAD ./Core/Src/syscalls.o
LOAD ./Core/Src/sysmem.o
LOAD ./Core/Src/system_stm32f4xx.o
LOAD ./Core/Src/tim.o
LOAD ./Core/Src/usart.o
LOAD ./Core/Src/valves.o
LOAD ./Core/Startup/startup_stm32f446vetx.o
LOAD ./Drivers/STM32F4xx_HAL_Driver/Src/stm32f4xx_hal.o
LOAD ./Drivers/STM32F4xx_HAL_Driver/Src/stm32f4xx_hal_cortex.o
LOAD ./Drivers/STM32F4xx_HAL_Driver/Src/stm32f4xx_hal_dma.o
LOAD ./Drivers/STM32F4xx_HAL_Driver/Src/stm32f4xx_hal_dma_ex.o
LOAD ./Drivers/STM32F4xx_HAL_Driver/Src/stm32f4xx_hal_exti.o
LOAD ./Drivers/STM32F4xx_HAL_Driver/Src/stm32f4xx_hal_flash.o
LOAD ./Drivers/STM32F4xx_HAL_Driver/Src/stm32f4xx_hal_flash_ex.o
LOAD ./Drivers/STM32F4xx_HAL_Driver/Src/stm32f4xx_hal_flash_ramfunc.o
LOAD ./Drivers/STM32F4xx_HAL_Driver/Src/stm32f4xx_hal_gpio.o
LOAD ./Drivers/STM32F4xx_HAL_Driver/Src/stm32f4xx_hal_i2c.o
LOAD ./Drivers/STM32F4xx_HAL_Driver/Src/stm32f4xx_hal_i2c_ex.o
LOAD ./Drivers/STM32F4xx_HAL_Driver/Src/stm32f4xx_hal_pwr.o
LOAD ./Drivers/STM32F4xx_HAL_Driver/Src/stm32f4xx_hal_pwr_ex.o
LOAD ./Drivers/STM32F4xx_HAL_Driver/Src/stm32f4xx_hal_rcc.o
LOAD ./Drivers/STM32F4xx_HAL_Driver/Src/stm32f4xx_hal_rcc_ex.o
LOAD ./Drivers/STM32F4xx_HAL_Driver/Src/stm32f4xx_hal_tim.o
LOAD ./Drivers/STM32F4xx_HAL_Driver/Src/stm32f4xx_hal_tim_ex.o
LOAD ./Drivers/STM32F4xx_HAL_Driver/Src/stm32f4xx_hal_uart.o
START GROUP
LOAD C:/STM32CubeIDE_1.18.1/STM32CubeIDE/plugins/com.st.stm32cube.ide.mcu.externaltools.gnu-tools-for-stm32.13.3.rel1.win32_1.0.0.202411081344/tools/bin/../lib/gcc/arm-none-eabi/13.3.1/../../../../arm-none-eabi/lib/thumb/v7e-m+fp/hard\libc_nano.a
LOAD C:/STM32CubeIDE_1.18.1/STM32CubeIDE/plugins/com.st.stm32cube.ide.mcu.externaltools.gnu-tools-for-stm32.13.3.rel1.win32_1.0.0.202411081344/tools/bin/../lib/gcc/arm-none-eabi/13.3.1/../../../../arm-none-eabi/lib/thumb/v7e-m+fp/hard\libm.a
END GROUP
START GROUP
LOAD C:/STM32CubeIDE_1.18.1/STM32CubeIDE/plugins/com.st.stm32cube.ide.mcu.externaltools.gnu-tools-for-stm32.13.3.rel1.win32_1.0.0.202411081344/tools/bin/../lib/gcc/arm-none-eabi/13.3.1/thumb/v7e-m+fp/hard\libgcc.a
LOAD C:/STM32CubeIDE_1.18.1/STM32CubeIDE/plugins/com.st.stm32cube.ide.mcu.externaltools.gnu-tools-for-stm32.13.3.rel1.win32_1.0.0.202411081344/tools/bin/../lib/gcc/arm-none-eabi/13.3.1/../../../../arm-none-eabi/lib/thumb/v7e-m+fp/hard\libc_nano.a
END GROUP
START GROUP
LOAD C:/STM32CubeIDE_1.18.1/STM32CubeIDE/plugins/com.st.stm32cube.ide.mcu.externaltools.gnu-tools-for-stm32.13.3.rel1.win32_1.0.0.202411081344/tools/bin/../lib/gcc/arm-none-eabi/13.3.1/thumb/v7e-m+fp/hard\libgcc.a
LOAD C:/STM32CubeIDE_1.18.1/STM32CubeIDE/plugins/com.st.stm32cube.ide.mcu.externaltools.gnu-tools-for-stm32.13.3.rel1.win32_1.0.0.202411081344/tools/bin/../lib/gcc/arm-none-eabi/13.3.1/../../../../arm-none-eabi/lib/thumb/v7e-m+fp/hard\libc_nano.a
LOAD C:/STM32CubeIDE_1.18.1/STM32CubeIDE/plugins/com.st.stm32cube.ide.mcu.externaltools.gnu-tools-for-stm32.13.3.rel1.win32_1.0.0.202411081344/tools/bin/../lib/gcc/arm-none-eabi/13.3.1/../../../../arm-none-eabi/lib/thumb/v7e-m+fp/hard\libnosys.a
END GROUP
START GROUP
LOAD C:/STM32CubeIDE_1.18.1/STM32CubeIDE/plugins/com.st.stm32cube.ide.mcu.externaltools.gnu-tools-for-stm32.13.3.rel1.win32_1.0.0.202411081344/tools/bin/../lib/gcc/arm-none-eabi/13.3.1/thumb/v7e-m+fp/hard\libgcc.a
LOAD C:/STM32CubeIDE_1.18.1/STM32CubeIDE/plugins/com.st.stm32cube.ide.mcu.externaltools.gnu-tools-for-stm32.13.3.rel1.win32_1.0.0.202411081344/tools/bin/../lib/gcc/arm-none-eabi/13.3.1/../../../../arm-none-eabi/lib/thumb/v7e-m+fp/hard\libc_nano.a
LOAD C:/STM32CubeIDE_1.18.1/STM32CubeIDE/plugins/com.st.stm32cube.ide.mcu.externaltools.gnu-tools-for-stm32.13.3.rel1.win32_1.0.0.202411081344/tools/bin/../lib/gcc/arm-none-eabi/13.3.1/../../../../arm-none-eabi/lib/thumb/v7e-m+fp/hard\libnosys.a
END GROUP
LOAD C:/STM32CubeIDE_1.18.1/STM32CubeIDE/plugins/com.st.stm32cube.ide.mcu.externaltools.gnu-tools-for-stm32.13.3.rel1.win32_1.0.0.202411081344/tools/bin/../lib/gcc/arm-none-eabi/13.3.1/thumb/v7e-m+fp/hard/crtend.o
LOAD C:/STM32CubeIDE_1.18.1/STM32CubeIDE/plugins/com.st.stm32cube.ide.mcu.externaltools.gnu-tools-for-stm32.13.3.rel1.win32_1.0.0.202411081344/tools/bin/../lib/gcc/arm-none-eabi/13.3.1/thumb/v7e-m+fp/hard/crtn.o
                0x20020000                        _estack = (ORIGIN (RAM) + LENGTH (RAM))
                0x00000200                        _Min_Heap_Size = 0x200
                0x00000400                        _Min_Stack_Size = 0x400

.isr_vector     0x08008000      0x1c4
                0x08008000                        . = ALIGN (0x4)
 *(.isr_vector)
 .isr_vector    0x08008000      0x1c4 ./Core/Startup/startup_stm32f446vetx.o
                0x08008000                g_pfnVectors
                0x080081c4                        . = ALIGN (0x4)

.text           0x080081d0    0x10d38
                0x080081d0                        . = ALIGN (0x4)
 *(.text)
 .text          0x080081d0       0x40 C:/STM32CubeIDE_1.18.1/STM32CubeIDE/plugins/com.st.stm32cube.ide.mcu.externaltools.gnu-tools-for-stm32.13.3.rel1.win32_1.0.0.202411081344/tools/bin/../lib/gcc/arm-none-eabi/13.3.1/thumb/v7e-m+fp/hard/crtbegin.o
 .text          0x08008210       0x14 C:/STM32CubeIDE_1.18.1/STM32CubeIDE/plugins/com.st.stm32cube.ide.mcu.externaltools.gnu-tools-for-stm32.13.3.rel1.win32_1.0.0.202411081344/tools/bin/../lib/gcc/arm-none-eabi/13.3.1/../../../../arm-none-eabi/lib/thumb/v7e-m+fp/hard\libc_nano.a(libc_a-strcmp.o)
                0x08008210                strcmp
 *fill*         0x08008224        0xc 
 .text          0x08008230       0xa0 C:/STM32CubeIDE_1.18.1/STM32CubeIDE/plugins/com.st.stm32cube.ide.mcu.externaltools.gnu-tools-for-stm32.13.3.rel1.win32_1.0.0.202411081344/tools/bin/../lib/gcc/arm-none-eabi/13.3.1/../../../../arm-none-eabi/lib/thumb/v7e-m+fp/hard\libc_nano.a(libc_a-memchr.o)
                0x08008230                memchr
 .text          0x080082d0       0x10 C:/STM32CubeIDE_1.18.1/STM32CubeIDE/plugins/com.st.stm32cube.ide.mcu.externaltools.gnu-tools-for-stm32.13.3.rel1.win32_1.0.0.202411081344/tools/bin/../lib/gcc/arm-none-eabi/13.3.1/../../../../arm-none-eabi/lib/thumb/v7e-m+fp/hard\libc_nano.a(libc_a-strlen.o)
                0x080082d0                strlen
 .text          0x080082e0      0x378 C:/STM32CubeIDE_1.18.1/STM32CubeIDE/plugins/com.st.stm32cube.ide.mcu.externaltools.gnu-tools-for-stm32.13.3.rel1.win32_1.0.0.202411081344/tools/bin/../lib/gcc/arm-none-eabi/13.3.1/thumb/v7e-m+fp/hard\libgcc.a(_arm_addsubdf3.o)
                0x080082e0                __aeabi_drsub
                0x080082e8                __aeabi_dsub
                0x080082e8                __subdf3
                0x080082ec                __aeabi_dadd
                0x080082ec                __adddf3
                0x08008564                __floatunsidf
                0x08008564                __aeabi_ui2d
                0x08008584                __floatsidf
                0x08008584                __aeabi_i2d
                0x080085a8                __aeabi_f2d
                0x080085a8                __extendsfdf2
                0x080085ec                __floatundidf
                0x080085ec                __aeabi_ul2d
                0x080085fc                __floatdidf
                0x080085fc                __aeabi_l2d
 .text          0x08008658      0x424 C:/STM32CubeIDE_1.18.1/STM32CubeIDE/plugins/com.st.stm32cube.ide.mcu.externaltools.gnu-tools-for-stm32.13.3.rel1.win32_1.0.0.202411081344/tools/bin/../lib/gcc/arm-none-eabi/13.3.1/thumb/v7e-m+fp/hard\libgcc.a(_arm_muldivdf3.o)
                0x08008658                __aeabi_dmul
                0x08008658                __muldf3
                0x080088ac                __divdf3
                0x080088ac                __aeabi_ddiv
 .text          0x08008a7c      0x110 C:/STM32CubeIDE_1.18.1/STM32CubeIDE/plugins/com.st.stm32cube.ide.mcu.externaltools.gnu-tools-for-stm32.13.3.rel1.win32_1.0.0.202411081344/tools/bin/../lib/gcc/arm-none-eabi/13.3.1/thumb/v7e-m+fp/hard\libgcc.a(_arm_cmpdf2.o)
                0x08008a7c                __gtdf2
                0x08008a7c                __gedf2
                0x08008a84                __ltdf2
                0x08008a84                __ledf2
                0x08008a8c                __nedf2
                0x08008a8c                __eqdf2
                0x08008a8c                __cmpdf2
                0x08008b08                __aeabi_cdrcmple
                0x08008b18                __aeabi_cdcmpeq
                0x08008b18                __aeabi_cdcmple
                0x08008b28                __aeabi_dcmpeq
                0x08008b3c                __aeabi_dcmplt
                0x08008b50                __aeabi_dcmple
                0x08008b64                __aeabi_dcmpge
                0x08008b78                __aeabi_dcmpgt
 .text          0x08008b8c       0x2c C:/STM32CubeIDE_1.18.1/STM32CubeIDE/plugins/com.st.stm32cube.ide.mcu.externaltools.gnu-tools-for-stm32.13.3.rel1.win32_1.0.0.202411081344/tools/bin/../lib/gcc/arm-none-eabi/13.3.1/thumb/v7e-m+fp/hard\libgcc.a(_arm_unorddf2.o)
                0x08008b8c                __unorddf2
                0x08008b8c                __aeabi_dcmpun
 .text          0x08008bb8       0x50 C:/STM32CubeIDE_1.18.1/STM32CubeIDE/plugins/com.st.stm32cube.ide.mcu.externaltools.gnu-tools-for-stm32.13.3.rel1.win32_1.0.0.202411081344/tools/bin/../lib/gcc/arm-none-eabi/13.3.1/thumb/v7e-m+fp/hard\libgcc.a(_arm_fixdfsi.o)
                0x08008bb8                __aeabi_d2iz
                0x08008bb8                __fixdfsi
 .text          0x08008c08       0x40 C:/STM32CubeIDE_1.18.1/STM32CubeIDE/plugins/com.st.stm32cube.ide.mcu.externaltools.gnu-tools-for-stm32.13.3.rel1.win32_1.0.0.202411081344/tools/bin/../lib/gcc/arm-none-eabi/13.3.1/thumb/v7e-m+fp/hard\libgcc.a(_arm_fixunsdfsi.o)
                0x08008c08                __aeabi_d2uiz
                0x08008c08                __fixunsdfsi
 .text          0x08008c48       0xa0 C:/STM32CubeIDE_1.18.1/STM32CubeIDE/plugins/com.st.stm32cube.ide.mcu.externaltools.gnu-tools-for-stm32.13.3.rel1.win32_1.0.0.202411081344/tools/bin/../lib/gcc/arm-none-eabi/13.3.1/thumb/v7e-m+fp/hard\libgcc.a(_arm_truncdfsf2.o)
                0x08008c48                __truncdfsf2
                0x08008c48                __aeabi_d2f
 .text          0x08008ce8       0x30 C:/STM32CubeIDE_1.18.1/STM32CubeIDE/plugins/com.st.stm32cube.ide.mcu.externaltools.gnu-tools-for-stm32.13.3.rel1.win32_1.0.0.202411081344/tools/bin/../lib/gcc/arm-none-eabi/13.3.1/thumb/v7e-m+fp/hard\libgcc.a(_aeabi_uldivmod.o)
                0x08008ce8                __aeabi_uldivmod
 .text          0x08008d18       0x30 C:/STM32CubeIDE_1.18.1/STM32CubeIDE/plugins/com.st.stm32cube.ide.mcu.externaltools.gnu-tools-for-stm32.13.3.rel1.win32_1.0.0.202411081344/tools/bin/../lib/gcc/arm-none-eabi/13.3.1/thumb/v7e-m+fp/hard\libgcc.a(_fixdfdi.o)
                0x08008d18                __fixdfdi
                0x08008d18                __aeabi_d2lz
 .text          0x08008d48       0x3c C:/STM32CubeIDE_1.18.1/STM32CubeIDE/plugins/com.st.stm32cube.ide.mcu.externaltools.gnu-tools-for-stm32.13.3.rel1.win32_1.0.0.202411081344/tools/bin/../lib/gcc/arm-none-eabi/13.3.1/thumb/v7e-m+fp/hard\libgcc.a(_fixunsdfdi.o)
                0x08008d48                __fixunsdfdi
                0x08008d48                __aeabi_d2ulz
 .text          0x08008d84      0x2f8 C:/STM32CubeIDE_1.18.1/STM32CubeIDE/plugins/com.st.stm32cube.ide.mcu.externaltools.gnu-tools-for-stm32.13.3.rel1.win32_1.0.0.202411081344/tools/bin/../lib/gcc/arm-none-eabi/13.3.1/thumb/v7e-m+fp/hard\libgcc.a(_udivmoddi4.o)
                0x08008d84                __udivmoddi4
 .text          0x0800907c        0x4 C:/STM32CubeIDE_1.18.1/STM32CubeIDE/plugins/com.st.stm32cube.ide.mcu.externaltools.gnu-tools-for-stm32.13.3.rel1.win32_1.0.0.202411081344/tools/bin/../lib/gcc/arm-none-eabi/13.3.1/thumb/v7e-m+fp/hard\libgcc.a(_dvmd_tls.o)
                0x0800907c                __aeabi_idiv0
                0x0800907c                __aeabi_ldiv0
 *(.text*)
 .text.Read_Average_Frequency
                0x08009080        0xe ./Core/Src/Fluid_Sense.o
                0x08009080                Read_Average_Frequency
 *fill*         0x0800908e        0x2 
 .text.read_frequency_tim3
                0x08009090       0xb8 ./Core/Src/Fluid_Sense.o
                0x08009090                read_frequency_tim3
 .text.Move_And_Monitor_Frequency
                0x08009148      0x1b4 ./Core/Src/Fluid_Sense.o
                0x08009148                Move_And_Monitor_Frequency
 .text.Start_Z_Nozzle_Motor
                0x080092fc       0x2c ./Core/Src/Nozzle_Motor_Z.o
                0x080092fc                Start_Z_Nozzle_Motor
 .text.Stop_Z_Nozzle_Motor
                0x08009328       0x1c ./Core/Src/Nozzle_Motor_Z.o
                0x08009328                Stop_Z_Nozzle_Motor
 .text.Home_Z_Nozzle_Motor
                0x08009344      0x13c ./Core/Src/Nozzle_Motor_Z.o
                0x08009344                Home_Z_Nozzle_Motor
 .text.Home_Z_Nozzle_Motor_Distance
                0x08009480      0x148 ./Core/Src/Nozzle_Motor_Z.o
                0x08009480                Home_Z_Nozzle_Motor_Distance
 .text.Move_Z_Nozzle_Motor
                0x080095c8      0x11c ./Core/Src/Nozzle_Motor_Z.o
                0x080095c8                Move_Z_Nozzle_Motor
 .text.Start_Z_Probe_Motor
                0x080096e4       0x2c ./Core/Src/Probe_Motor_Z.o
                0x080096e4                Start_Z_Probe_Motor
 .text.Stop_Z_Probe_Motor
                0x08009710       0x1c ./Core/Src/Probe_Motor_Z.o
                0x08009710                Stop_Z_Probe_Motor
 .text.Home_Z_Probe_Motor
                0x0800972c      0x14c ./Core/Src/Probe_Motor_Z.o
                0x0800972c                Home_Z_Probe_Motor
 .text.Home_Z_Probe_Motor_Distance
                0x08009878      0x158 ./Core/Src/Probe_Motor_Z.o
                0x08009878                Home_Z_Probe_Motor_Distance
 .text.Move_Z_Probe_Motor
                0x080099d0      0x13c ./Core/Src/Probe_Motor_Z.o
                0x080099d0                Move_Z_Probe_Motor
 .text.Start_Rocking_Motor
                0x08009b0c       0x60 ./Core/Src/Rocking_Motor.o
                0x08009b0c                Start_Rocking_Motor
 .text.Stop_Rocking_Motor
                0x08009b6c       0x40 ./Core/Src/Rocking_Motor.o
                0x08009b6c                Stop_Rocking_Motor
 .text.Rocking_Slow
                0x08009bac      0x13c ./Core/Src/Rocking_Motor.o
                0x08009bac                Rocking_Slow
 .text.Home_Rocking_Motor
                0x08009ce8       0xe4 ./Core/Src/Rocking_Motor.o
                0x08009ce8                Home_Rocking_Motor
 .text.Rocking_Count_Function
                0x08009dcc       0x54 ./Core/Src/Rocking_Motor.o
                0x08009dcc                Rocking_Count_Function
 .text.Start_Syringe_Motor
                0x08009e20       0x2c ./Core/Src/Syringe_Motor.o
                0x08009e20                Start_Syringe_Motor
 .text.Stop_Syringe_Motor
                0x08009e4c       0x1c ./Core/Src/Syringe_Motor.o
                0x08009e4c                Stop_Syringe_Motor
 .text.Home_Syringe_Motor
                0x08009e68       0x94 ./Core/Src/Syringe_Motor.o
                0x08009e68                Home_Syringe_Motor
 .text.Move_Syringe_Motor
                0x08009efc      0x134 ./Core/Src/Syringe_Motor.o
                0x08009efc                Move_Syringe_Motor
 .text.Start_X_Motor
                0x0800a030       0x2c ./Core/Src/X_Motor.o
                0x0800a030                Start_X_Motor
 .text.Stop_X_Motor
                0x0800a05c       0x1c ./Core/Src/X_Motor.o
                0x0800a05c                Stop_X_Motor
 .text.Home_X_Motor
                0x0800a078      0x384 ./Core/Src/X_Motor.o
                0x0800a078                Home_X_Motor
 .text.Move_X_Motor
                0x0800a3fc      0x338 ./Core/Src/X_Motor.o
                0x0800a3fc                Move_X_Motor
 .text.Move_X_Motor_Next_Position
                0x0800a734      0x1c0 ./Core/Src/X_Motor.o
                0x0800a734                Move_X_Motor_Next_Position
 .text.Start_Process
                0x0800a8f4       0x24 ./Core/Src/command_processor.o
                0x0800a8f4                Start_Process
 .text.CompareToBrace
                0x0800a918       0xe8 ./Core/Src/command_processor.o
                0x0800a918                CompareToBrace
 .text.send_ACK
                0x0800aa00       0x14 ./Core/Src/command_processor.o
                0x0800aa00                send_ACK
 .text.module_executed
                0x0800aa14       0x48 ./Core/Src/command_processor.o
                0x0800aa14                module_executed
 .text.Send_Count
                0x0800aa5c       0x3c ./Core/Src/command_processor.o
                0x0800aa5c                Send_Count
 .text.processCommand
                0x0800aa98     0x2288 ./Core/Src/command_processor.o
                0x0800aa98                processCommand
 .text.MX_GPIO_Init
                0x0800cd20      0x28c ./Core/Src/gpio.o
                0x0800cd20                MX_GPIO_Init
 .text.MX_I2C2_Init
                0x0800cfac       0x5c ./Core/Src/i2c.o
                0x0800cfac                MX_I2C2_Init
 .text.HAL_I2C_MspInit
                0x0800d008       0xd4 ./Core/Src/i2c.o
                0x0800d008                HAL_I2C_MspInit
 .text.HAL_I2C_MspDeInit
                0x0800d0dc       0x4c ./Core/Src/i2c.o
                0x0800d0dc                HAL_I2C_MspDeInit
 .text.I2C_Device_Check
                0x0800d128       0x5c ./Core/Src/i2c.o
                0x0800d128                I2C_Device_Check
 .text.ADS7828_ReadChannel
                0x0800d184       0xb4 ./Core/Src/i2c.o
                0x0800d184                ADS7828_ReadChannel
 .text.ADS7828_ConvertToVoltage
                0x0800d238       0x94 ./Core/Src/i2c.o
                0x0800d238                ADS7828_ConvertToVoltage
 .text.ADS7828_ReadChannelVoltage
                0x0800d2cc       0x3c ./Core/Src/i2c.o
                0x0800d2cc                ADS7828_ReadChannelVoltage
 .text.Read_Sensor_Volage
                0x0800d308       0xa8 ./Core/Src/i2c.o
                0x0800d308                Read_Sensor_Volage
 .text.MCP4661_WriteWiperRAM
                0x0800d3b0       0x5c ./Core/Src/i2c.o
                0x0800d3b0                MCP4661_WriteWiperRAM
 .text.voltageToStep
                0x0800d40c       0x84 ./Core/Src/i2c.o
                0x0800d40c                voltageToStep
 .text.MCP4661_WriteWiper_EEPROM
                0x0800d490       0x90 ./Core/Src/i2c.o
                0x0800d490                MCP4661_WriteWiper_EEPROM
 .text.MCP4661_SetHardwareWriteProtect
                0x0800d520       0x30 ./Core/Src/i2c.o
                0x0800d520                MCP4661_SetHardwareWriteProtect
 .text.I2C2_Recover
                0x0800d550      0x110 ./Core/Src/i2c.o
                0x0800d550                I2C2_Recover
 .text.main     0x0800d660      0x220 ./Core/Src/main.o
                0x0800d660                main
 .text.SystemClock_Config
                0x0800d880       0xd8 ./Core/Src/main.o
                0x0800d880                SystemClock_Config
 .text.Error_Handler
                0x0800d958        0xc ./Core/Src/main.o
                0x0800d958                Error_Handler
 .text.Pump_On  0x0800d964       0x5c ./Core/Src/pump.o
                0x0800d964                Pump_On
 .text.Pump_Off
                0x0800d9c0       0x30 ./Core/Src/pump.o
                0x0800d9c0                Pump_Off
 .text.WashOrUniversal_Buffer_Pump_Function
                0x0800d9f0       0x78 ./Core/Src/pump.o
                0x0800d9f0                WashOrUniversal_Buffer_Pump_Function
 .text.Waste_Pump_Function
                0x0800da68       0x70 ./Core/Src/pump.o
                0x0800da68                Waste_Pump_Function
 .text.Sensor_Read
                0x0800dad8       0x2c ./Core/Src/sensors.o
                0x0800dad8                Sensor_Read
 .text.Liquid_Sensor_Check
                0x0800db04       0x5c ./Core/Src/sensors.o
                0x0800db04                Liquid_Sensor_Check
 .text.HAL_MspInit
                0x0800db60       0x50 ./Core/Src/stm32f4xx_hal_msp.o
                0x0800db60                HAL_MspInit
 .text.NMI_Handler
                0x0800dbb0        0x8 ./Core/Src/stm32f4xx_it.o
                0x0800dbb0                NMI_Handler
 .text.HardFault_Handler
                0x0800dbb8        0x8 ./Core/Src/stm32f4xx_it.o
                0x0800dbb8                HardFault_Handler
 .text.MemManage_Handler
                0x0800dbc0        0x8 ./Core/Src/stm32f4xx_it.o
                0x0800dbc0                MemManage_Handler
 .text.BusFault_Handler
                0x0800dbc8        0x8 ./Core/Src/stm32f4xx_it.o
                0x0800dbc8                BusFault_Handler
 .text.UsageFault_Handler
                0x0800dbd0        0x8 ./Core/Src/stm32f4xx_it.o
                0x0800dbd0                UsageFault_Handler
 .text.SVC_Handler
                0x0800dbd8        0xe ./Core/Src/stm32f4xx_it.o
                0x0800dbd8                SVC_Handler
 .text.DebugMon_Handler
                0x0800dbe6        0xe ./Core/Src/stm32f4xx_it.o
                0x0800dbe6                DebugMon_Handler
 .text.PendSV_Handler
                0x0800dbf4        0xe ./Core/Src/stm32f4xx_it.o
                0x0800dbf4                PendSV_Handler
 .text.SysTick_Handler
                0x0800dc02        0xc ./Core/Src/stm32f4xx_it.o
                0x0800dc02                SysTick_Handler
 .text.EXTI9_5_IRQHandler
                0x0800dc0e        0xe ./Core/Src/stm32f4xx_it.o
                0x0800dc0e                EXTI9_5_IRQHandler
 .text.TIM1_BRK_TIM9_IRQHandler
                0x0800dc1c       0x14 ./Core/Src/stm32f4xx_it.o
                0x0800dc1c                TIM1_BRK_TIM9_IRQHandler
 .text.TIM1_UP_TIM10_IRQHandler
                0x0800dc30       0x14 ./Core/Src/stm32f4xx_it.o
                0x0800dc30                TIM1_UP_TIM10_IRQHandler
 .text.TIM1_TRG_COM_TIM11_IRQHandler
                0x0800dc44       0x14 ./Core/Src/stm32f4xx_it.o
                0x0800dc44                TIM1_TRG_COM_TIM11_IRQHandler
 .text.TIM3_IRQHandler
                0x0800dc58       0x14 ./Core/Src/stm32f4xx_it.o
                0x0800dc58                TIM3_IRQHandler
 .text.USART1_IRQHandler
                0x0800dc6c       0x14 ./Core/Src/stm32f4xx_it.o
                0x0800dc6c                USART1_IRQHandler
 .text.USART3_IRQHandler
                0x0800dc80       0x14 ./Core/Src/stm32f4xx_it.o
                0x0800dc80                USART3_IRQHandler
 .text.TIM8_BRK_TIM12_IRQHandler
                0x0800dc94       0x14 ./Core/Src/stm32f4xx_it.o
                0x0800dc94                TIM8_BRK_TIM12_IRQHandler
 .text.TIM5_IRQHandler
                0x0800dca8       0x14 ./Core/Src/stm32f4xx_it.o
                0x0800dca8                TIM5_IRQHandler
 .text._getpid  0x0800dcbc       0x10 ./Core/Src/syscalls.o
                0x0800dcbc                _getpid
 .text._kill    0x0800dccc       0x20 ./Core/Src/syscalls.o
                0x0800dccc                _kill
 .text._exit    0x0800dcec       0x16 ./Core/Src/syscalls.o
                0x0800dcec                _exit
 .text._read    0x0800dd02       0x3a ./Core/Src/syscalls.o
                0x0800dd02                _read
 .text._write   0x0800dd3c       0x38 ./Core/Src/syscalls.o
                0x0800dd3c                _write
 .text._close   0x0800dd74       0x18 ./Core/Src/syscalls.o
                0x0800dd74                _close
 .text._fstat   0x0800dd8c       0x20 ./Core/Src/syscalls.o
                0x0800dd8c                _fstat
 .text._isatty  0x0800ddac       0x16 ./Core/Src/syscalls.o
                0x0800ddac                _isatty
 .text._lseek   0x0800ddc2       0x1a ./Core/Src/syscalls.o
                0x0800ddc2                _lseek
 .text._sbrk    0x0800dddc       0x6c ./Core/Src/sysmem.o
                0x0800dddc                _sbrk
 .text.SystemInit
                0x0800de48       0x2c ./Core/Src/system_stm32f4xx.o
                0x0800de48                SystemInit
 .text.MX_TIM3_Init
                0x0800de74       0xac ./Core/Src/tim.o
                0x0800de74                MX_TIM3_Init
 .text.MX_TIM4_Init
                0x0800df20       0x9c ./Core/Src/tim.o
                0x0800df20                MX_TIM4_Init
 .text.MX_TIM5_Init
                0x0800dfbc       0xec ./Core/Src/tim.o
                0x0800dfbc                MX_TIM5_Init
 .text.MX_TIM9_Init
                0x0800e0a8       0xc4 ./Core/Src/tim.o
                0x0800e0a8                MX_TIM9_Init
 .text.MX_TIM10_Init
                0x0800e16c       0x9c ./Core/Src/tim.o
                0x0800e16c                MX_TIM10_Init
 .text.MX_TIM11_Init
                0x0800e208       0x9c ./Core/Src/tim.o
                0x0800e208                MX_TIM11_Init
 .text.MX_TIM12_Init
                0x0800e2a4       0xdc ./Core/Src/tim.o
                0x0800e2a4                MX_TIM12_Init
 .text.MX_TIM13_Init
                0x0800e380       0x48 ./Core/Src/tim.o
                0x0800e380                MX_TIM13_Init
 .text.HAL_TIM_Base_MspInit
                0x0800e3c8      0x224 ./Core/Src/tim.o
                0x0800e3c8                HAL_TIM_Base_MspInit
 .text.HAL_TIM_MspPostInit
                0x0800e5ec      0x1b0 ./Core/Src/tim.o
                0x0800e5ec                HAL_TIM_MspPostInit
 .text.Start_PWM
                0x0800e79c       0xd8 ./Core/Src/tim.o
                0x0800e79c                Start_PWM
 .text.Stop_PWM
                0x0800e874       0x20 ./Core/Src/tim.o
                0x0800e874                Stop_PWM
 .text.HAL_TIM_PeriodElapsedCallback
                0x0800e894      0x14c ./Core/Src/tim.o
                0x0800e894                HAL_TIM_PeriodElapsedCallback
 .text.HAL_TIM_IC_CaptureCallback
                0x0800e9e0       0x88 ./Core/Src/tim.o
                0x0800e9e0                HAL_TIM_IC_CaptureCallback
 .text.MX_UART4_Init
                0x0800ea68       0x54 ./Core/Src/usart.o
                0x0800ea68                MX_UART4_Init
 .text.MX_USART1_UART_Init
                0x0800eabc       0x54 ./Core/Src/usart.o
                0x0800eabc                MX_USART1_UART_Init
 .text.MX_USART3_UART_Init
                0x0800eb10       0x54 ./Core/Src/usart.o
                0x0800eb10                MX_USART3_UART_Init
 .text.HAL_UART_MspInit
                0x0800eb64      0x18c ./Core/Src/usart.o
                0x0800eb64                HAL_UART_MspInit
 .text.putchr   0x0800ecf0       0x24 ./Core/Src/usart.o
                0x0800ecf0                putchr
 .text.putstr   0x0800ed14       0x34 ./Core/Src/usart.o
                0x0800ed14                putstr
 .text.delay_ms
                0x0800ed48       0x16 ./Core/Src/usart.o
                0x0800ed48                delay_ms
 *fill*         0x0800ed5e        0x2 
 .text.HAL_UART_RxCpltCallback
                0x0800ed60      0x148 ./Core/Src/usart.o
                0x0800ed60                HAL_UART_RxCpltCallback
 .text.Valve_On
                0x0800eea8       0x20 ./Core/Src/valves.o
                0x0800eea8                Valve_On
 .text.Valve_Off
                0x0800eec8       0x20 ./Core/Src/valves.o
                0x0800eec8                Valve_Off
 .text.LED_On   0x0800eee8       0x20 ./Core/Src/valves.o
                0x0800eee8                LED_On
 .text.LED_Off  0x0800ef08       0x20 ./Core/Src/valves.o
                0x0800ef08                LED_Off
 .text.Rising_Edge
                0x0800ef28       0x4a ./Core/Src/valves.o
                0x0800ef28                Rising_Edge
 .text.Alarm_On
                0x0800ef72       0x20 ./Core/Src/valves.o
                0x0800ef72                Alarm_On
 .text.Alarm_Off
                0x0800ef92       0x20 ./Core/Src/valves.o
                0x0800ef92                Alarm_Off
 *fill*         0x0800efb2        0x2 
 .text.Reset_Handler
                0x0800efb4       0x50 ./Core/Startup/startup_stm32f446vetx.o
                0x0800efb4                Reset_Handler
 .text.Default_Handler
                0x0800f004        0x2 ./Core/Startup/startup_stm32f446vetx.o
                0x0800f004                RTC_Alarm_IRQHandler
                0x0800f004                EXTI2_IRQHandler
                0x0800f004                TIM8_CC_IRQHandler
                0x0800f004                FMPI2C1_EV_IRQHandler
                0x0800f004                SPI4_IRQHandler
                0x0800f004                TIM1_CC_IRQHandler
                0x0800f004                DMA2_Stream5_IRQHandler
                0x0800f004                DMA1_Stream5_IRQHandler
                0x0800f004                PVD_IRQHandler
                0x0800f004                SDIO_IRQHandler
                0x0800f004                TAMP_STAMP_IRQHandler
                0x0800f004                CAN2_RX1_IRQHandler
                0x0800f004                EXTI3_IRQHandler
                0x0800f004                TIM8_TRG_COM_TIM14_IRQHandler
                0x0800f004                TIM8_UP_TIM13_IRQHandler
                0x0800f004                I2C3_ER_IRQHandler
                0x0800f004                EXTI0_IRQHandler
                0x0800f004                I2C2_EV_IRQHandler
                0x0800f004                DMA1_Stream2_IRQHandler
                0x0800f004                CAN1_RX0_IRQHandler
                0x0800f004                FPU_IRQHandler
                0x0800f004                OTG_HS_WKUP_IRQHandler
                0x0800f004                CAN2_SCE_IRQHandler
                0x0800f004                DMA2_Stream2_IRQHandler
                0x0800f004                SPI1_IRQHandler
                0x0800f004                TIM6_DAC_IRQHandler
                0x0800f004                DCMI_IRQHandler
                0x0800f004                CAN2_RX0_IRQHandler
                0x0800f004                DMA2_Stream3_IRQHandler
                0x0800f004                SAI2_IRQHandler
                0x0800f004                USART6_IRQHandler
                0x0800f004                CAN1_RX1_IRQHandler
                0x0800f004                UART5_IRQHandler
                0x0800f004                DMA2_Stream0_IRQHandler
                0x0800f004                TIM4_IRQHandler
                0x0800f004                QUADSPI_IRQHandler
                0x0800f004                I2C1_EV_IRQHandler
                0x0800f004                DMA1_Stream6_IRQHandler
                0x0800f004                DMA1_Stream1_IRQHandler
                0x0800f004                UART4_IRQHandler
                0x0800f004                RCC_IRQHandler
                0x0800f004                Default_Handler
                0x0800f004                CEC_IRQHandler
                0x0800f004                EXTI15_10_IRQHandler
                0x0800f004                ADC_IRQHandler
                0x0800f004                DMA1_Stream7_IRQHandler
                0x0800f004                TIM7_IRQHandler
                0x0800f004                CAN2_TX_IRQHandler
                0x0800f004                DMA2_Stream7_IRQHandler
                0x0800f004                I2C3_EV_IRQHandler
                0x0800f004                RTC_WKUP_IRQHandler
                0x0800f004                SPDIF_RX_IRQHandler
                0x0800f004                SPI2_IRQHandler
                0x0800f004                OTG_HS_EP1_IN_IRQHandler
                0x0800f004                DMA1_Stream0_IRQHandler
                0x0800f004                CAN1_TX_IRQHandler
                0x0800f004                FMPI2C1_ER_IRQHandler
                0x0800f004                EXTI4_IRQHandler
                0x0800f004                OTG_HS_EP1_OUT_IRQHandler
                0x0800f004                WWDG_IRQHandler
                0x0800f004                TIM2_IRQHandler
                0x0800f004                OTG_FS_WKUP_IRQHandler
                0x0800f004                OTG_HS_IRQHandler
                0x0800f004                EXTI1_IRQHandler
                0x0800f004                USART2_IRQHandler
                0x0800f004                I2C2_ER_IRQHandler
                0x0800f004                DMA2_Stream1_IRQHandler
                0x0800f004                CAN1_SCE_IRQHandler
                0x0800f004                FLASH_IRQHandler
                0x0800f004                DMA2_Stream4_IRQHandler
                0x0800f004                OTG_FS_IRQHandler
                0x0800f004                SPI3_IRQHandler
                0x0800f004                DMA1_Stream4_IRQHandler
                0x0800f004                I2C1_ER_IRQHandler
                0x0800f004                FMC_IRQHandler
                0x0800f004                DMA2_Stream6_IRQHandler
                0x0800f004                SAI1_IRQHandler
                0x0800f004                DMA1_Stream3_IRQHandler
 *fill*         0x0800f006        0x2 
 .text.HAL_Init
                0x0800f008       0x44 ./Drivers/STM32F4xx_HAL_Driver/Src/stm32f4xx_hal.o
                0x0800f008                HAL_Init
 .text.HAL_InitTick
                0x0800f04c       0x60 ./Drivers/STM32F4xx_HAL_Driver/Src/stm32f4xx_hal.o
                0x0800f04c                HAL_InitTick
 .text.HAL_IncTick
                0x0800f0ac       0x28 ./Drivers/STM32F4xx_HAL_Driver/Src/stm32f4xx_hal.o
                0x0800f0ac                HAL_IncTick
 .text.HAL_GetTick
                0x0800f0d4       0x18 ./Drivers/STM32F4xx_HAL_Driver/Src/stm32f4xx_hal.o
                0x0800f0d4                HAL_GetTick
 .text.HAL_Delay
                0x0800f0ec       0x48 ./Drivers/STM32F4xx_HAL_Driver/Src/stm32f4xx_hal.o
                0x0800f0ec                HAL_Delay
 .text.__NVIC_SetPriorityGrouping
                0x0800f134       0x48 ./Drivers/STM32F4xx_HAL_Driver/Src/stm32f4xx_hal_cortex.o
 .text.__NVIC_GetPriorityGrouping
                0x0800f17c       0x1c ./Drivers/STM32F4xx_HAL_Driver/Src/stm32f4xx_hal_cortex.o
 .text.__NVIC_EnableIRQ
                0x0800f198       0x3c ./Drivers/STM32F4xx_HAL_Driver/Src/stm32f4xx_hal_cortex.o
 .text.__NVIC_SetPriority
                0x0800f1d4       0x54 ./Drivers/STM32F4xx_HAL_Driver/Src/stm32f4xx_hal_cortex.o
 .text.NVIC_EncodePriority
                0x0800f228       0x66 ./Drivers/STM32F4xx_HAL_Driver/Src/stm32f4xx_hal_cortex.o
 *fill*         0x0800f28e        0x2 
 .text.SysTick_Config
                0x0800f290       0x44 ./Drivers/STM32F4xx_HAL_Driver/Src/stm32f4xx_hal_cortex.o
 .text.HAL_NVIC_SetPriorityGrouping
                0x0800f2d4       0x16 ./Drivers/STM32F4xx_HAL_Driver/Src/stm32f4xx_hal_cortex.o
                0x0800f2d4                HAL_NVIC_SetPriorityGrouping
 .text.HAL_NVIC_SetPriority
                0x0800f2ea       0x38 ./Drivers/STM32F4xx_HAL_Driver/Src/stm32f4xx_hal_cortex.o
                0x0800f2ea                HAL_NVIC_SetPriority
 .text.HAL_NVIC_EnableIRQ
                0x0800f322       0x1c ./Drivers/STM32F4xx_HAL_Driver/Src/stm32f4xx_hal_cortex.o
                0x0800f322                HAL_NVIC_EnableIRQ
 .text.HAL_SYSTICK_Config
                0x0800f33e       0x18 ./Drivers/STM32F4xx_HAL_Driver/Src/stm32f4xx_hal_cortex.o
                0x0800f33e                HAL_SYSTICK_Config
 .text.HAL_DMA_Abort
                0x0800f356       0xe0 ./Drivers/STM32F4xx_HAL_Driver/Src/stm32f4xx_hal_dma.o
                0x0800f356                HAL_DMA_Abort
 .text.HAL_DMA_Abort_IT
                0x0800f436       0x44 ./Drivers/STM32F4xx_HAL_Driver/Src/stm32f4xx_hal_dma.o
                0x0800f436                HAL_DMA_Abort_IT
 *fill*         0x0800f47a        0x2 
 .text.HAL_GPIO_Init
                0x0800f47c      0x328 ./Drivers/STM32F4xx_HAL_Driver/Src/stm32f4xx_hal_gpio.o
                0x0800f47c                HAL_GPIO_Init
 .text.HAL_GPIO_DeInit
                0x0800f7a4      0x1e8 ./Drivers/STM32F4xx_HAL_Driver/Src/stm32f4xx_hal_gpio.o
                0x0800f7a4                HAL_GPIO_DeInit
 .text.HAL_GPIO_ReadPin
                0x0800f98c       0x30 ./Drivers/STM32F4xx_HAL_Driver/Src/stm32f4xx_hal_gpio.o
                0x0800f98c                HAL_GPIO_ReadPin
 .text.HAL_GPIO_WritePin
                0x0800f9bc       0x32 ./Drivers/STM32F4xx_HAL_Driver/Src/stm32f4xx_hal_gpio.o
                0x0800f9bc                HAL_GPIO_WritePin
 *fill*         0x0800f9ee        0x2 
 .text.HAL_GPIO_EXTI_IRQHandler
                0x0800f9f0       0x30 ./Drivers/STM32F4xx_HAL_Driver/Src/stm32f4xx_hal_gpio.o
                0x0800f9f0                HAL_GPIO_EXTI_IRQHandler
 .text.HAL_GPIO_EXTI_Callback
                0x0800fa20       0x16 ./Drivers/STM32F4xx_HAL_Driver/Src/stm32f4xx_hal_gpio.o
                0x0800fa20                HAL_GPIO_EXTI_Callback
 *fill*         0x0800fa36        0x2 
 .text.HAL_I2C_Init
                0x0800fa38      0x288 ./Drivers/STM32F4xx_HAL_Driver/Src/stm32f4xx_hal_i2c.o
                0x0800fa38                HAL_I2C_Init
 .text.HAL_I2C_DeInit
                0x0800fcc0       0x5e ./Drivers/STM32F4xx_HAL_Driver/Src/stm32f4xx_hal_i2c.o
                0x0800fcc0                HAL_I2C_DeInit
 *fill*         0x0800fd1e        0x2 
 .text.HAL_I2C_Master_Transmit
                0x0800fd20      0x1fc ./Drivers/STM32F4xx_HAL_Driver/Src/stm32f4xx_hal_i2c.o
                0x0800fd20                HAL_I2C_Master_Transmit
 .text.HAL_I2C_Master_Receive
                0x0800ff1c      0x464 ./Drivers/STM32F4xx_HAL_Driver/Src/stm32f4xx_hal_i2c.o
                0x0800ff1c                HAL_I2C_Master_Receive
 .text.HAL_I2C_IsDeviceReady
                0x08010380      0x25c ./Drivers/STM32F4xx_HAL_Driver/Src/stm32f4xx_hal_i2c.o
                0x08010380                HAL_I2C_IsDeviceReady
 .text.I2C_MasterRequestWrite
                0x080105dc      0x104 ./Drivers/STM32F4xx_HAL_Driver/Src/stm32f4xx_hal_i2c.o
 .text.I2C_MasterRequestRead
                0x080106e0      0x19c ./Drivers/STM32F4xx_HAL_Driver/Src/stm32f4xx_hal_i2c.o
 .text.I2C_WaitOnFlagUntilTimeout
                0x0801087c       0xf4 ./Drivers/STM32F4xx_HAL_Driver/Src/stm32f4xx_hal_i2c.o
 .text.I2C_WaitOnMasterAddressFlagUntilTimeout
                0x08010970      0x140 ./Drivers/STM32F4xx_HAL_Driver/Src/stm32f4xx_hal_i2c.o
 .text.I2C_WaitOnTXEFlagUntilTimeout
                0x08010ab0       0x90 ./Drivers/STM32F4xx_HAL_Driver/Src/stm32f4xx_hal_i2c.o
 .text.I2C_WaitOnBTFFlagUntilTimeout
                0x08010b40       0x90 ./Drivers/STM32F4xx_HAL_Driver/Src/stm32f4xx_hal_i2c.o
 .text.I2C_WaitOnRXNEFlagUntilTimeout
                0x08010bd0       0xba ./Drivers/STM32F4xx_HAL_Driver/Src/stm32f4xx_hal_i2c.o
 .text.I2C_IsAcknowledgeFailed
                0x08010c8a       0x5e ./Drivers/STM32F4xx_HAL_Driver/Src/stm32f4xx_hal_i2c.o
 .text.HAL_RCC_ClockConfig
                0x08010ce8      0x1cc ./Drivers/STM32F4xx_HAL_Driver/Src/stm32f4xx_hal_rcc.o
                0x08010ce8                HAL_RCC_ClockConfig
 .text.HAL_RCC_GetHCLKFreq
                0x08010eb4       0x18 ./Drivers/STM32F4xx_HAL_Driver/Src/stm32f4xx_hal_rcc.o
                0x08010eb4                HAL_RCC_GetHCLKFreq
 .text.HAL_RCC_GetPCLK1Freq
                0x08010ecc       0x28 ./Drivers/STM32F4xx_HAL_Driver/Src/stm32f4xx_hal_rcc.o
                0x08010ecc                HAL_RCC_GetPCLK1Freq
 .text.HAL_RCC_GetPCLK2Freq
                0x08010ef4       0x28 ./Drivers/STM32F4xx_HAL_Driver/Src/stm32f4xx_hal_rcc.o
                0x08010ef4                HAL_RCC_GetPCLK2Freq
 .text.HAL_RCC_GetSysClockFreq
                0x08010f1c      0x354 ./Drivers/STM32F4xx_HAL_Driver/Src/stm32f4xx_hal_rcc_ex.o
                0x08010f1c                HAL_RCC_GetSysClockFreq
 .text.HAL_RCC_OscConfig
                0x08011270      0x53c ./Drivers/STM32F4xx_HAL_Driver/Src/stm32f4xx_hal_rcc_ex.o
                0x08011270                HAL_RCC_OscConfig
 .text.HAL_TIM_Base_Init
                0x080117ac       0x9e ./Drivers/STM32F4xx_HAL_Driver/Src/stm32f4xx_hal_tim.o
                0x080117ac                HAL_TIM_Base_Init
 *fill*         0x0801184a        0x2 
 .text.HAL_TIM_Base_Start
                0x0801184c       0xd0 ./Drivers/STM32F4xx_HAL_Driver/Src/stm32f4xx_hal_tim.o
                0x0801184c                HAL_TIM_Base_Start
 .text.HAL_TIM_Base_Start_IT
                0x0801191c       0xe0 ./Drivers/STM32F4xx_HAL_Driver/Src/stm32f4xx_hal_tim.o
                0x0801191c                HAL_TIM_Base_Start_IT
 .text.HAL_TIM_Base_Stop_IT
                0x080119fc       0x5e ./Drivers/STM32F4xx_HAL_Driver/Src/stm32f4xx_hal_tim.o
                0x080119fc                HAL_TIM_Base_Stop_IT
 .text.HAL_TIM_PWM_Init
                0x08011a5a       0x9e ./Drivers/STM32F4xx_HAL_Driver/Src/stm32f4xx_hal_tim.o
                0x08011a5a                HAL_TIM_PWM_Init
 .text.HAL_TIM_PWM_MspInit
                0x08011af8       0x14 ./Drivers/STM32F4xx_HAL_Driver/Src/stm32f4xx_hal_tim.o
                0x08011af8                HAL_TIM_PWM_MspInit
 .text.HAL_TIM_PWM_Start
                0x08011b0c      0x190 ./Drivers/STM32F4xx_HAL_Driver/Src/stm32f4xx_hal_tim.o
                0x08011b0c                HAL_TIM_PWM_Start
 .text.HAL_TIM_PWM_Stop
                0x08011c9c       0xe0 ./Drivers/STM32F4xx_HAL_Driver/Src/stm32f4xx_hal_tim.o
                0x08011c9c                HAL_TIM_PWM_Stop
 .text.HAL_TIM_IRQHandler
                0x08011d7c      0x1e0 ./Drivers/STM32F4xx_HAL_Driver/Src/stm32f4xx_hal_tim.o
                0x08011d7c                HAL_TIM_IRQHandler
 .text.HAL_TIM_PWM_ConfigChannel
                0x08011f5c      0x184 ./Drivers/STM32F4xx_HAL_Driver/Src/stm32f4xx_hal_tim.o
                0x08011f5c                HAL_TIM_PWM_ConfigChannel
 .text.HAL_TIM_ConfigClockSource
                0x080120e0      0x18e ./Drivers/STM32F4xx_HAL_Driver/Src/stm32f4xx_hal_tim.o
                0x080120e0                HAL_TIM_ConfigClockSource
 .text.HAL_TIM_SlaveConfigSynchro
                0x0801226e       0x84 ./Drivers/STM32F4xx_HAL_Driver/Src/stm32f4xx_hal_tim.o
                0x0801226e                HAL_TIM_SlaveConfigSynchro
 *fill*         0x080122f2        0x2 
 .text.HAL_TIM_ReadCapturedValue
                0x080122f4       0x88 ./Drivers/STM32F4xx_HAL_Driver/Src/stm32f4xx_hal_tim.o
                0x080122f4                HAL_TIM_ReadCapturedValue
 .text.HAL_TIM_OC_DelayElapsedCallback
                0x0801237c       0x14 ./Drivers/STM32F4xx_HAL_Driver/Src/stm32f4xx_hal_tim.o
                0x0801237c                HAL_TIM_OC_DelayElapsedCallback
 .text.HAL_TIM_PWM_PulseFinishedCallback
                0x08012390       0x14 ./Drivers/STM32F4xx_HAL_Driver/Src/stm32f4xx_hal_tim.o
                0x08012390                HAL_TIM_PWM_PulseFinishedCallback
 .text.HAL_TIM_TriggerCallback
                0x080123a4       0x14 ./Drivers/STM32F4xx_HAL_Driver/Src/stm32f4xx_hal_tim.o
                0x080123a4                HAL_TIM_TriggerCallback
 .text.TIM_Base_SetConfig
                0x080123b8      0x14c ./Drivers/STM32F4xx_HAL_Driver/Src/stm32f4xx_hal_tim.o
                0x080123b8                TIM_Base_SetConfig
 .text.TIM_OC1_SetConfig
                0x08012504       0xe0 ./Drivers/STM32F4xx_HAL_Driver/Src/stm32f4xx_hal_tim.o
 .text.TIM_OC2_SetConfig
                0x080125e4       0xec ./Drivers/STM32F4xx_HAL_Driver/Src/stm32f4xx_hal_tim.o
                0x080125e4                TIM_OC2_SetConfig
 .text.TIM_OC3_SetConfig
                0x080126d0       0xe8 ./Drivers/STM32F4xx_HAL_Driver/Src/stm32f4xx_hal_tim.o
 .text.TIM_OC4_SetConfig
                0x080127b8       0xac ./Drivers/STM32F4xx_HAL_Driver/Src/stm32f4xx_hal_tim.o
 .text.TIM_SlaveTimer_SetConfig
                0x08012864      0x122 ./Drivers/STM32F4xx_HAL_Driver/Src/stm32f4xx_hal_tim.o
 .text.TIM_TI1_ConfigInputStage
                0x08012986       0x5e ./Drivers/STM32F4xx_HAL_Driver/Src/stm32f4xx_hal_tim.o
 .text.TIM_TI2_ConfigInputStage
                0x080129e4       0x60 ./Drivers/STM32F4xx_HAL_Driver/Src/stm32f4xx_hal_tim.o
 .text.TIM_ITRx_SetConfig
                0x08012a44       0x36 ./Drivers/STM32F4xx_HAL_Driver/Src/stm32f4xx_hal_tim.o
 .text.TIM_ETR_SetConfig
                0x08012a7a       0x40 ./Drivers/STM32F4xx_HAL_Driver/Src/stm32f4xx_hal_tim.o
                0x08012a7a                TIM_ETR_SetConfig
 .text.TIM_CCxChannelCmd
                0x08012aba       0x4a ./Drivers/STM32F4xx_HAL_Driver/Src/stm32f4xx_hal_tim.o
                0x08012aba                TIM_CCxChannelCmd
 .text.HAL_TIMEx_MasterConfigSynchronization
                0x08012b04       0xf8 ./Drivers/STM32F4xx_HAL_Driver/Src/stm32f4xx_hal_tim_ex.o
                0x08012b04                HAL_TIMEx_MasterConfigSynchronization
 .text.HAL_TIMEx_CommutCallback
                0x08012bfc       0x14 ./Drivers/STM32F4xx_HAL_Driver/Src/stm32f4xx_hal_tim_ex.o
                0x08012bfc                HAL_TIMEx_CommutCallback
 .text.HAL_TIMEx_BreakCallback
                0x08012c10       0x14 ./Drivers/STM32F4xx_HAL_Driver/Src/stm32f4xx_hal_tim_ex.o
                0x08012c10                HAL_TIMEx_BreakCallback
 .text.HAL_UART_Init
                0x08012c24       0xa0 ./Drivers/STM32F4xx_HAL_Driver/Src/stm32f4xx_hal_uart.o
                0x08012c24                HAL_UART_Init
 .text.HAL_UART_Transmit
                0x08012cc4      0x116 ./Drivers/STM32F4xx_HAL_Driver/Src/stm32f4xx_hal_uart.o
                0x08012cc4                HAL_UART_Transmit
 .text.HAL_UART_Receive_IT
                0x08012dda       0x4a ./Drivers/STM32F4xx_HAL_Driver/Src/stm32f4xx_hal_uart.o
                0x08012dda                HAL_UART_Receive_IT
 .text.HAL_UART_AbortReceive_IT
                0x08012e24      0x164 ./Drivers/STM32F4xx_HAL_Driver/Src/stm32f4xx_hal_uart.o
                0x08012e24                HAL_UART_AbortReceive_IT
 .text.HAL_UART_IRQHandler
                0x08012f88      0x554 ./Drivers/STM32F4xx_HAL_Driver/Src/stm32f4xx_hal_uart.o
                0x08012f88                HAL_UART_IRQHandler
 .text.HAL_UART_TxCpltCallback
                0x080134dc       0x14 ./Drivers/STM32F4xx_HAL_Driver/Src/stm32f4xx_hal_uart.o
                0x080134dc                HAL_UART_TxCpltCallback
 .text.HAL_UART_ErrorCallback
                0x080134f0       0x14 ./Drivers/STM32F4xx_HAL_Driver/Src/stm32f4xx_hal_uart.o
                0x080134f0                HAL_UART_ErrorCallback
 .text.HAL_UART_AbortReceiveCpltCallback
                0x08013504       0x14 ./Drivers/STM32F4xx_HAL_Driver/Src/stm32f4xx_hal_uart.o
                0x08013504                HAL_UART_AbortReceiveCpltCallback
 .text.HAL_UARTEx_RxEventCallback
                0x08013518       0x18 ./Drivers/STM32F4xx_HAL_Driver/Src/stm32f4xx_hal_uart.o
                0x08013518                HAL_UARTEx_RxEventCallback
 .text.UART_WaitOnFlagUntilTimeout
                0x08013530       0xb2 ./Drivers/STM32F4xx_HAL_Driver/Src/stm32f4xx_hal_uart.o
 .text.UART_Start_Receive_IT
                0x080135e2       0x74 ./Drivers/STM32F4xx_HAL_Driver/Src/stm32f4xx_hal_uart.o
                0x080135e2                UART_Start_Receive_IT
 .text.UART_EndRxTransfer
                0x08013656       0xc6 ./Drivers/STM32F4xx_HAL_Driver/Src/stm32f4xx_hal_uart.o
 .text.UART_DMAAbortOnError
                0x0801371c       0x22 ./Drivers/STM32F4xx_HAL_Driver/Src/stm32f4xx_hal_uart.o
 .text.UART_DMARxOnlyAbortCallback
                0x0801373e       0x30 ./Drivers/STM32F4xx_HAL_Driver/Src/stm32f4xx_hal_uart.o
 .text.UART_Transmit_IT
                0x0801376e       0xa0 ./Drivers/STM32F4xx_HAL_Driver/Src/stm32f4xx_hal_uart.o
 .text.UART_EndTransmit_IT
                0x0801380e       0x30 ./Drivers/STM32F4xx_HAL_Driver/Src/stm32f4xx_hal_uart.o
 .text.UART_Receive_IT
                0x0801383e      0x17c ./Drivers/STM32F4xx_HAL_Driver/Src/stm32f4xx_hal_uart.o
 *fill*         0x080139ba        0x2 
 .text.UART_SetConfig
                0x080139bc      0x4e8 ./Drivers/STM32F4xx_HAL_Driver/Src/stm32f4xx_hal_uart.o
 .text.malloc   0x08013ea4       0x10 C:/STM32CubeIDE_1.18.1/STM32CubeIDE/plugins/com.st.stm32cube.ide.mcu.externaltools.gnu-tools-for-stm32.13.3.rel1.win32_1.0.0.202411081344/tools/bin/../lib/gcc/arm-none-eabi/13.3.1/../../../../arm-none-eabi/lib/thumb/v7e-m+fp/hard\libc_nano.a(libc_a-malloc.o)
                0x08013ea4                malloc
 .text.free     0x08013eb4       0x10 C:/STM32CubeIDE_1.18.1/STM32CubeIDE/plugins/com.st.stm32cube.ide.mcu.externaltools.gnu-tools-for-stm32.13.3.rel1.win32_1.0.0.202411081344/tools/bin/../lib/gcc/arm-none-eabi/13.3.1/../../../../arm-none-eabi/lib/thumb/v7e-m+fp/hard\libc_nano.a(libc_a-malloc.o)
                0x08013eb4                free
 .text.sbrk_aligned
                0x08013ec4       0x44 C:/STM32CubeIDE_1.18.1/STM32CubeIDE/plugins/com.st.stm32cube.ide.mcu.externaltools.gnu-tools-for-stm32.13.3.rel1.win32_1.0.0.202411081344/tools/bin/../lib/gcc/arm-none-eabi/13.3.1/../../../../arm-none-eabi/lib/thumb/v7e-m+fp/hard\libc_nano.a(libc_a-mallocr.o)
 .text._malloc_r
                0x08013f08      0x100 C:/STM32CubeIDE_1.18.1/STM32CubeIDE/plugins/com.st.stm32cube.ide.mcu.externaltools.gnu-tools-for-stm32.13.3.rel1.win32_1.0.0.202411081344/tools/bin/../lib/gcc/arm-none-eabi/13.3.1/../../../../arm-none-eabi/lib/thumb/v7e-m+fp/hard\libc_nano.a(libc_a-mallocr.o)
                0x08013f08                _malloc_r
 .text.__malloc_lock
                0x08014008        0xc C:/STM32CubeIDE_1.18.1/STM32CubeIDE/plugins/com.st.stm32cube.ide.mcu.externaltools.gnu-tools-for-stm32.13.3.rel1.win32_1.0.0.202411081344/tools/bin/../lib/gcc/arm-none-eabi/13.3.1/../../../../arm-none-eabi/lib/thumb/v7e-m+fp/hard\libc_nano.a(libc_a-mlock.o)
                0x08014008                __malloc_lock
 .text.__malloc_unlock
                0x08014014        0xc C:/STM32CubeIDE_1.18.1/STM32CubeIDE/plugins/com.st.stm32cube.ide.mcu.externaltools.gnu-tools-for-stm32.13.3.rel1.win32_1.0.0.202411081344/tools/bin/../lib/gcc/arm-none-eabi/13.3.1/../../../../arm-none-eabi/lib/thumb/v7e-m+fp/hard\libc_nano.a(libc_a-mlock.o)
                0x08014014                __malloc_unlock
 .text.__cvt    0x08014020       0xca C:/STM32CubeIDE_1.18.1/STM32CubeIDE/plugins/com.st.stm32cube.ide.mcu.externaltools.gnu-tools-for-stm32.13.3.rel1.win32_1.0.0.202411081344/tools/bin/../lib/gcc/arm-none-eabi/13.3.1/../../../../arm-none-eabi/lib/thumb/v7e-m+fp/hard\libc_nano.a(libc_a-nano-vfprintf_float.o)
                0x08014020                __cvt
 .text.__exponent
                0x080140ea       0x74 C:/STM32CubeIDE_1.18.1/STM32CubeIDE/plugins/com.st.stm32cube.ide.mcu.externaltools.gnu-tools-for-stm32.13.3.rel1.win32_1.0.0.202411081344/tools/bin/../lib/gcc/arm-none-eabi/13.3.1/../../../../arm-none-eabi/lib/thumb/v7e-m+fp/hard\libc_nano.a(libc_a-nano-vfprintf_float.o)
                0x080140ea                __exponent
 *fill*         0x0801415e        0x2 
 .text._printf_float
                0x08014160      0x454 C:/STM32CubeIDE_1.18.1/STM32CubeIDE/plugins/com.st.stm32cube.ide.mcu.externaltools.gnu-tools-for-stm32.13.3.rel1.win32_1.0.0.202411081344/tools/bin/../lib/gcc/arm-none-eabi/13.3.1/../../../../arm-none-eabi/lib/thumb/v7e-m+fp/hard\libc_nano.a(libc_a-nano-vfprintf_float.o)
                0x08014160                _printf_float
 .text._printf_common
                0x080145b4       0xda C:/STM32CubeIDE_1.18.1/STM32CubeIDE/plugins/com.st.stm32cube.ide.mcu.externaltools.gnu-tools-for-stm32.13.3.rel1.win32_1.0.0.202411081344/tools/bin/../lib/gcc/arm-none-eabi/13.3.1/../../../../arm-none-eabi/lib/thumb/v7e-m+fp/hard\libc_nano.a(libc_a-nano-vfprintf_i.o)
                0x080145b4                _printf_common
 *fill*         0x0801468e        0x2 
 .text._printf_i
                0x08014690      0x23c C:/STM32CubeIDE_1.18.1/STM32CubeIDE/plugins/com.st.stm32cube.ide.mcu.externaltools.gnu-tools-for-stm32.13.3.rel1.win32_1.0.0.202411081344/tools/bin/../lib/gcc/arm-none-eabi/13.3.1/../../../../arm-none-eabi/lib/thumb/v7e-m+fp/hard\libc_nano.a(libc_a-nano-vfprintf_i.o)
                0x08014690                _printf_i
 .text._scanf_float
                0x080148cc      0x41c C:/STM32CubeIDE_1.18.1/STM32CubeIDE/plugins/com.st.stm32cube.ide.mcu.externaltools.gnu-tools-for-stm32.13.3.rel1.win32_1.0.0.202411081344/tools/bin/../lib/gcc/arm-none-eabi/13.3.1/../../../../arm-none-eabi/lib/thumb/v7e-m+fp/hard\libc_nano.a(libc_a-nano-vfscanf_float.o)
                0x080148cc                _scanf_float
 .text.std      0x08014ce8       0x6c C:/STM32CubeIDE_1.18.1/STM32CubeIDE/plugins/com.st.stm32cube.ide.mcu.externaltools.gnu-tools-for-stm32.13.3.rel1.win32_1.0.0.202411081344/tools/bin/../lib/gcc/arm-none-eabi/13.3.1/../../../../arm-none-eabi/lib/thumb/v7e-m+fp/hard\libc_nano.a(libc_a-findfp.o)
 .text.stdio_exit_handler
                0x08014d54       0x18 C:/STM32CubeIDE_1.18.1/STM32CubeIDE/plugins/com.st.stm32cube.ide.mcu.externaltools.gnu-tools-for-stm32.13.3.rel1.win32_1.0.0.202411081344/tools/bin/../lib/gcc/arm-none-eabi/13.3.1/../../../../arm-none-eabi/lib/thumb/v7e-m+fp/hard\libc_nano.a(libc_a-findfp.o)
 .text.cleanup_stdio
                0x08014d6c       0x40 C:/STM32CubeIDE_1.18.1/STM32CubeIDE/plugins/com.st.stm32cube.ide.mcu.externaltools.gnu-tools-for-stm32.13.3.rel1.win32_1.0.0.202411081344/tools/bin/../lib/gcc/arm-none-eabi/13.3.1/../../../../arm-none-eabi/lib/thumb/v7e-m+fp/hard\libc_nano.a(libc_a-findfp.o)
 .text.global_stdio_init.part.0
                0x08014dac       0x3c C:/STM32CubeIDE_1.18.1/STM32CubeIDE/plugins/com.st.stm32cube.ide.mcu.externaltools.gnu-tools-for-stm32.13.3.rel1.win32_1.0.0.202411081344/tools/bin/../lib/gcc/arm-none-eabi/13.3.1/../../../../arm-none-eabi/lib/thumb/v7e-m+fp/hard\libc_nano.a(libc_a-findfp.o)
 .text.__sfp_lock_acquire
                0x08014de8        0xc C:/STM32CubeIDE_1.18.1/STM32CubeIDE/plugins/com.st.stm32cube.ide.mcu.externaltools.gnu-tools-for-stm32.13.3.rel1.win32_1.0.0.202411081344/tools/bin/../lib/gcc/arm-none-eabi/13.3.1/../../../../arm-none-eabi/lib/thumb/v7e-m+fp/hard\libc_nano.a(libc_a-findfp.o)
                0x08014de8                __sfp_lock_acquire
 .text.__sfp_lock_release
                0x08014df4        0xc C:/STM32CubeIDE_1.18.1/STM32CubeIDE/plugins/com.st.stm32cube.ide.mcu.externaltools.gnu-tools-for-stm32.13.3.rel1.win32_1.0.0.202411081344/tools/bin/../lib/gcc/arm-none-eabi/13.3.1/../../../../arm-none-eabi/lib/thumb/v7e-m+fp/hard\libc_nano.a(libc_a-findfp.o)
                0x08014df4                __sfp_lock_release
 .text.__sinit  0x08014e00       0x30 C:/STM32CubeIDE_1.18.1/STM32CubeIDE/plugins/com.st.stm32cube.ide.mcu.externaltools.gnu-tools-for-stm32.13.3.rel1.win32_1.0.0.202411081344/tools/bin/../lib/gcc/arm-none-eabi/13.3.1/../../../../arm-none-eabi/lib/thumb/v7e-m+fp/hard\libc_nano.a(libc_a-findfp.o)
                0x08014e00                __sinit
 .text._fwalk_sglue
                0x08014e30       0x3c C:/STM32CubeIDE_1.18.1/STM32CubeIDE/plugins/com.st.stm32cube.ide.mcu.externaltools.gnu-tools-for-stm32.13.3.rel1.win32_1.0.0.202411081344/tools/bin/../lib/gcc/arm-none-eabi/13.3.1/../../../../arm-none-eabi/lib/thumb/v7e-m+fp/hard\libc_nano.a(libc_a-fwalk.o)
                0x08014e30                _fwalk_sglue
 .text.snprintf
                0x08014e6c       0x6c C:/STM32CubeIDE_1.18.1/STM32CubeIDE/plugins/com.st.stm32cube.ide.mcu.externaltools.gnu-tools-for-stm32.13.3.rel1.win32_1.0.0.202411081344/tools/bin/../lib/gcc/arm-none-eabi/13.3.1/../../../../arm-none-eabi/lib/thumb/v7e-m+fp/hard\libc_nano.a(libc_a-snprintf.o)
                0x08014e6c                sniprintf
                0x08014e6c                snprintf
 .text.sprintf  0x08014ed8       0x44 C:/STM32CubeIDE_1.18.1/STM32CubeIDE/plugins/com.st.stm32cube.ide.mcu.externaltools.gnu-tools-for-stm32.13.3.rel1.win32_1.0.0.202411081344/tools/bin/../lib/gcc/arm-none-eabi/13.3.1/../../../../arm-none-eabi/lib/thumb/v7e-m+fp/hard\libc_nano.a(libc_a-sprintf.o)
                0x08014ed8                siprintf
                0x08014ed8                sprintf
 .text.sscanf   0x08014f1c       0x58 C:/STM32CubeIDE_1.18.1/STM32CubeIDE/plugins/com.st.stm32cube.ide.mcu.externaltools.gnu-tools-for-stm32.13.3.rel1.win32_1.0.0.202411081344/tools/bin/../lib/gcc/arm-none-eabi/13.3.1/../../../../arm-none-eabi/lib/thumb/v7e-m+fp/hard\libc_nano.a(libc_a-sscanf.o)
                0x08014f1c                siscanf
                0x08014f1c                sscanf
 .text.__sread  0x08014f74       0x22 C:/STM32CubeIDE_1.18.1/STM32CubeIDE/plugins/com.st.stm32cube.ide.mcu.externaltools.gnu-tools-for-stm32.13.3.rel1.win32_1.0.0.202411081344/tools/bin/../lib/gcc/arm-none-eabi/13.3.1/../../../../arm-none-eabi/lib/thumb/v7e-m+fp/hard\libc_nano.a(libc_a-stdio.o)
                0x08014f74                __sread
 .text.__seofread
                0x08014f96        0x4 C:/STM32CubeIDE_1.18.1/STM32CubeIDE/plugins/com.st.stm32cube.ide.mcu.externaltools.gnu-tools-for-stm32.13.3.rel1.win32_1.0.0.202411081344/tools/bin/../lib/gcc/arm-none-eabi/13.3.1/../../../../arm-none-eabi/lib/thumb/v7e-m+fp/hard\libc_nano.a(libc_a-stdio.o)
                0x08014f96                __seofread
 .text.__swrite
                0x08014f9a       0x38 C:/STM32CubeIDE_1.18.1/STM32CubeIDE/plugins/com.st.stm32cube.ide.mcu.externaltools.gnu-tools-for-stm32.13.3.rel1.win32_1.0.0.202411081344/tools/bin/../lib/gcc/arm-none-eabi/13.3.1/../../../../arm-none-eabi/lib/thumb/v7e-m+fp/hard\libc_nano.a(libc_a-stdio.o)
                0x08014f9a                __swrite
 .text.__sseek  0x08014fd2       0x24 C:/STM32CubeIDE_1.18.1/STM32CubeIDE/plugins/com.st.stm32cube.ide.mcu.externaltools.gnu-tools-for-stm32.13.3.rel1.win32_1.0.0.202411081344/tools/bin/../lib/gcc/arm-none-eabi/13.3.1/../../../../arm-none-eabi/lib/thumb/v7e-m+fp/hard\libc_nano.a(libc_a-stdio.o)
                0x08014fd2                __sseek
 .text.__sclose
                0x08014ff6        0x8 C:/STM32CubeIDE_1.18.1/STM32CubeIDE/plugins/com.st.stm32cube.ide.mcu.externaltools.gnu-tools-for-stm32.13.3.rel1.win32_1.0.0.202411081344/tools/bin/../lib/gcc/arm-none-eabi/13.3.1/../../../../arm-none-eabi/lib/thumb/v7e-m+fp/hard\libc_nano.a(libc_a-stdio.o)
                0x08014ff6                __sclose
 .text.__swbuf_r
                0x08014ffe       0x7c C:/STM32CubeIDE_1.18.1/STM32CubeIDE/plugins/com.st.stm32cube.ide.mcu.externaltools.gnu-tools-for-stm32.13.3.rel1.win32_1.0.0.202411081344/tools/bin/../lib/gcc/arm-none-eabi/13.3.1/../../../../arm-none-eabi/lib/thumb/v7e-m+fp/hard\libc_nano.a(libc_a-wbuf.o)
                0x08014ffe                __swbuf_r
 *fill*         0x0801507a        0x2 
 .text.__swsetup_r
                0x0801507c       0xac C:/STM32CubeIDE_1.18.1/STM32CubeIDE/plugins/com.st.stm32cube.ide.mcu.externaltools.gnu-tools-for-stm32.13.3.rel1.win32_1.0.0.202411081344/tools/bin/../lib/gcc/arm-none-eabi/13.3.1/../../../../arm-none-eabi/lib/thumb/v7e-m+fp/hard\libc_nano.a(libc_a-wsetup.o)
                0x0801507c                __swsetup_r
 .text.memset   0x08015128       0x10 C:/STM32CubeIDE_1.18.1/STM32CubeIDE/plugins/com.st.stm32cube.ide.mcu.externaltools.gnu-tools-for-stm32.13.3.rel1.win32_1.0.0.202411081344/tools/bin/../lib/gcc/arm-none-eabi/13.3.1/../../../../arm-none-eabi/lib/thumb/v7e-m+fp/hard\libc_nano.a(libc_a-memset.o)
                0x08015128                memset
 .text.strchr   0x08015138       0x1a C:/STM32CubeIDE_1.18.1/STM32CubeIDE/plugins/com.st.stm32cube.ide.mcu.externaltools.gnu-tools-for-stm32.13.3.rel1.win32_1.0.0.202411081344/tools/bin/../lib/gcc/arm-none-eabi/13.3.1/../../../../arm-none-eabi/lib/thumb/v7e-m+fp/hard\libc_nano.a(libc_a-strchr.o)
                0x08015138                strchr
 .text.strncpy  0x08015152       0x26 C:/STM32CubeIDE_1.18.1/STM32CubeIDE/plugins/com.st.stm32cube.ide.mcu.externaltools.gnu-tools-for-stm32.13.3.rel1.win32_1.0.0.202411081344/tools/bin/../lib/gcc/arm-none-eabi/13.3.1/../../../../arm-none-eabi/lib/thumb/v7e-m+fp/hard\libc_nano.a(libc_a-strncpy.o)
                0x08015152                strncpy
 .text._localeconv_r
                0x08015178        0x8 C:/STM32CubeIDE_1.18.1/STM32CubeIDE/plugins/com.st.stm32cube.ide.mcu.externaltools.gnu-tools-for-stm32.13.3.rel1.win32_1.0.0.202411081344/tools/bin/../lib/gcc/arm-none-eabi/13.3.1/../../../../arm-none-eabi/lib/thumb/v7e-m+fp/hard\libc_nano.a(libc_a-localeconv.o)
                0x08015178                _localeconv_r
 .text._close_r
                0x08015180       0x20 C:/STM32CubeIDE_1.18.1/STM32CubeIDE/plugins/com.st.stm32cube.ide.mcu.externaltools.gnu-tools-for-stm32.13.3.rel1.win32_1.0.0.202411081344/tools/bin/../lib/gcc/arm-none-eabi/13.3.1/../../../../arm-none-eabi/lib/thumb/v7e-m+fp/hard\libc_nano.a(libc_a-closer.o)
                0x08015180                _close_r
 .text._lseek_r
                0x080151a0       0x24 C:/STM32CubeIDE_1.18.1/STM32CubeIDE/plugins/com.st.stm32cube.ide.mcu.externaltools.gnu-tools-for-stm32.13.3.rel1.win32_1.0.0.202411081344/tools/bin/../lib/gcc/arm-none-eabi/13.3.1/../../../../arm-none-eabi/lib/thumb/v7e-m+fp/hard\libc_nano.a(libc_a-lseekr.o)
                0x080151a0                _lseek_r
 .text._read_r  0x080151c4       0x24 C:/STM32CubeIDE_1.18.1/STM32CubeIDE/plugins/com.st.stm32cube.ide.mcu.externaltools.gnu-tools-for-stm32.13.3.rel1.win32_1.0.0.202411081344/tools/bin/../lib/gcc/arm-none-eabi/13.3.1/../../../../arm-none-eabi/lib/thumb/v7e-m+fp/hard\libc_nano.a(libc_a-readr.o)
                0x080151c4                _read_r
 .text._sbrk_r  0x080151e8       0x20 C:/STM32CubeIDE_1.18.1/STM32CubeIDE/plugins/com.st.stm32cube.ide.mcu.externaltools.gnu-tools-for-stm32.13.3.rel1.win32_1.0.0.202411081344/tools/bin/../lib/gcc/arm-none-eabi/13.3.1/../../../../arm-none-eabi/lib/thumb/v7e-m+fp/hard\libc_nano.a(libc_a-sbrkr.o)
                0x080151e8                _sbrk_r
 .text._write_r
                0x08015208       0x24 C:/STM32CubeIDE_1.18.1/STM32CubeIDE/plugins/com.st.stm32cube.ide.mcu.externaltools.gnu-tools-for-stm32.13.3.rel1.win32_1.0.0.202411081344/tools/bin/../lib/gcc/arm-none-eabi/13.3.1/../../../../arm-none-eabi/lib/thumb/v7e-m+fp/hard\libc_nano.a(libc_a-writer.o)
                0x08015208                _write_r
 .text.__errno  0x0801522c        0xc C:/STM32CubeIDE_1.18.1/STM32CubeIDE/plugins/com.st.stm32cube.ide.mcu.externaltools.gnu-tools-for-stm32.13.3.rel1.win32_1.0.0.202411081344/tools/bin/../lib/gcc/arm-none-eabi/13.3.1/../../../../arm-none-eabi/lib/thumb/v7e-m+fp/hard\libc_nano.a(libc_a-errno.o)
                0x0801522c                __errno
 .text.__libc_init_array
                0x08015238       0x48 C:/STM32CubeIDE_1.18.1/STM32CubeIDE/plugins/com.st.stm32cube.ide.mcu.externaltools.gnu-tools-for-stm32.13.3.rel1.win32_1.0.0.202411081344/tools/bin/../lib/gcc/arm-none-eabi/13.3.1/../../../../arm-none-eabi/lib/thumb/v7e-m+fp/hard\libc_nano.a(libc_a-init.o)
                0x08015238                __libc_init_array
 .text.__retarget_lock_init_recursive
                0x08015280        0x2 C:/STM32CubeIDE_1.18.1/STM32CubeIDE/plugins/com.st.stm32cube.ide.mcu.externaltools.gnu-tools-for-stm32.13.3.rel1.win32_1.0.0.202411081344/tools/bin/../lib/gcc/arm-none-eabi/13.3.1/../../../../arm-none-eabi/lib/thumb/v7e-m+fp/hard\libc_nano.a(libc_a-lock.o)
                0x08015280                __retarget_lock_init_recursive
 .text.__retarget_lock_acquire_recursive
                0x08015282        0x2 C:/STM32CubeIDE_1.18.1/STM32CubeIDE/plugins/com.st.stm32cube.ide.mcu.externaltools.gnu-tools-for-stm32.13.3.rel1.win32_1.0.0.202411081344/tools/bin/../lib/gcc/arm-none-eabi/13.3.1/../../../../arm-none-eabi/lib/thumb/v7e-m+fp/hard\libc_nano.a(libc_a-lock.o)
                0x08015282                __retarget_lock_acquire_recursive
 .text.__retarget_lock_release_recursive
                0x08015284        0x2 C:/STM32CubeIDE_1.18.1/STM32CubeIDE/plugins/com.st.stm32cube.ide.mcu.externaltools.gnu-tools-for-stm32.13.3.rel1.win32_1.0.0.202411081344/tools/bin/../lib/gcc/arm-none-eabi/13.3.1/../../../../arm-none-eabi/lib/thumb/v7e-m+fp/hard\libc_nano.a(libc_a-lock.o)
                0x08015284                __retarget_lock_release_recursive
 .text.strcpy   0x08015286       0x10 C:/STM32CubeIDE_1.18.1/STM32CubeIDE/plugins/com.st.stm32cube.ide.mcu.externaltools.gnu-tools-for-stm32.13.3.rel1.win32_1.0.0.202411081344/tools/bin/../lib/gcc/arm-none-eabi/13.3.1/../../../../arm-none-eabi/lib/thumb/v7e-m+fp/hard\libc_nano.a(libc_a-strcpy.o)
                0x08015286                strcpy
 *fill*         0x08015296        0x2 
 .text.nanf     0x08015298        0xc C:/STM32CubeIDE_1.18.1/STM32CubeIDE/plugins/com.st.stm32cube.ide.mcu.externaltools.gnu-tools-for-stm32.13.3.rel1.win32_1.0.0.202411081344/tools/bin/../lib/gcc/arm-none-eabi/13.3.1/../../../../arm-none-eabi/lib/thumb/v7e-m+fp/hard\libc_nano.a(libm_a-sf_nan.o)
                0x08015298                nanf
 .text.quorem   0x080152a4      0x110 C:/STM32CubeIDE_1.18.1/STM32CubeIDE/plugins/com.st.stm32cube.ide.mcu.externaltools.gnu-tools-for-stm32.13.3.rel1.win32_1.0.0.202411081344/tools/bin/../lib/gcc/arm-none-eabi/13.3.1/../../../../arm-none-eabi/lib/thumb/v7e-m+fp/hard\libc_nano.a(libc_a-dtoa.o)
 *fill*         0x080153b4        0x4 
 .text._dtoa_r  0x080153b8      0xba0 C:/STM32CubeIDE_1.18.1/STM32CubeIDE/plugins/com.st.stm32cube.ide.mcu.externaltools.gnu-tools-for-stm32.13.3.rel1.win32_1.0.0.202411081344/tools/bin/../lib/gcc/arm-none-eabi/13.3.1/../../../../arm-none-eabi/lib/thumb/v7e-m+fp/hard\libc_nano.a(libc_a-dtoa.o)
                0x080153b8                _dtoa_r
 .text._free_r  0x08015f58       0x94 C:/STM32CubeIDE_1.18.1/STM32CubeIDE/plugins/com.st.stm32cube.ide.mcu.externaltools.gnu-tools-for-stm32.13.3.rel1.win32_1.0.0.202411081344/tools/bin/../lib/gcc/arm-none-eabi/13.3.1/../../../../arm-none-eabi/lib/thumb/v7e-m+fp/hard\libc_nano.a(libc_a-freer.o)
                0x08015f58                _free_r
 .text._Balloc  0x08015fec       0x80 C:/STM32CubeIDE_1.18.1/STM32CubeIDE/plugins/com.st.stm32cube.ide.mcu.externaltools.gnu-tools-for-stm32.13.3.rel1.win32_1.0.0.202411081344/tools/bin/../lib/gcc/arm-none-eabi/13.3.1/../../../../arm-none-eabi/lib/thumb/v7e-m+fp/hard\libc_nano.a(libc_a-mprec.o)
                0x08015fec                _Balloc
 .text._Bfree   0x0801606c       0x44 C:/STM32CubeIDE_1.18.1/STM32CubeIDE/plugins/com.st.stm32cube.ide.mcu.externaltools.gnu-tools-for-stm32.13.3.rel1.win32_1.0.0.202411081344/tools/bin/../lib/gcc/arm-none-eabi/13.3.1/../../../../arm-none-eabi/lib/thumb/v7e-m+fp/hard\libc_nano.a(libc_a-mprec.o)
                0x0801606c                _Bfree
 .text.__multadd
                0x080160b0       0x8c C:/STM32CubeIDE_1.18.1/STM32CubeIDE/plugins/com.st.stm32cube.ide.mcu.externaltools.gnu-tools-for-stm32.13.3.rel1.win32_1.0.0.202411081344/tools/bin/../lib/gcc/arm-none-eabi/13.3.1/../../../../arm-none-eabi/lib/thumb/v7e-m+fp/hard\libc_nano.a(libc_a-mprec.o)
                0x080160b0                __multadd
 .text.__s2b    0x0801613c       0x94 C:/STM32CubeIDE_1.18.1/STM32CubeIDE/plugins/com.st.stm32cube.ide.mcu.externaltools.gnu-tools-for-stm32.13.3.rel1.win32_1.0.0.202411081344/tools/bin/../lib/gcc/arm-none-eabi/13.3.1/../../../../arm-none-eabi/lib/thumb/v7e-m+fp/hard\libc_nano.a(libc_a-mprec.o)
                0x0801613c                __s2b
 .text.__hi0bits
                0x080161d0       0x3e C:/STM32CubeIDE_1.18.1/STM32CubeIDE/plugins/com.st.stm32cube.ide.mcu.externaltools.gnu-tools-for-stm32.13.3.rel1.win32_1.0.0.202411081344/tools/bin/../lib/gcc/arm-none-eabi/13.3.1/../../../../arm-none-eabi/lib/thumb/v7e-m+fp/hard\libc_nano.a(libc_a-mprec.o)
                0x080161d0                __hi0bits
 .text.__lo0bits
                0x0801620e       0x5a C:/STM32CubeIDE_1.18.1/STM32CubeIDE/plugins/com.st.stm32cube.ide.mcu.externaltools.gnu-tools-for-stm32.13.3.rel1.win32_1.0.0.202411081344/tools/bin/../lib/gcc/arm-none-eabi/13.3.1/../../../../arm-none-eabi/lib/thumb/v7e-m+fp/hard\libc_nano.a(libc_a-mprec.o)
                0x0801620e                __lo0bits
 .text.__i2b    0x08016268       0x2c C:/STM32CubeIDE_1.18.1/STM32CubeIDE/plugins/com.st.stm32cube.ide.mcu.externaltools.gnu-tools-for-stm32.13.3.rel1.win32_1.0.0.202411081344/tools/bin/../lib/gcc/arm-none-eabi/13.3.1/../../../../arm-none-eabi/lib/thumb/v7e-m+fp/hard\libc_nano.a(libc_a-mprec.o)
                0x08016268                __i2b
 .text.__multiply
                0x08016294      0x144 C:/STM32CubeIDE_1.18.1/STM32CubeIDE/plugins/com.st.stm32cube.ide.mcu.externaltools.gnu-tools-for-stm32.13.3.rel1.win32_1.0.0.202411081344/tools/bin/../lib/gcc/arm-none-eabi/13.3.1/../../../../arm-none-eabi/lib/thumb/v7e-m+fp/hard\libc_nano.a(libc_a-mprec.o)
                0x08016294                __multiply
 .text.__pow5mult
                0x080163d8       0xb4 C:/STM32CubeIDE_1.18.1/STM32CubeIDE/plugins/com.st.stm32cube.ide.mcu.externaltools.gnu-tools-for-stm32.13.3.rel1.win32_1.0.0.202411081344/tools/bin/../lib/gcc/arm-none-eabi/13.3.1/../../../../arm-none-eabi/lib/thumb/v7e-m+fp/hard\libc_nano.a(libc_a-mprec.o)
                0x080163d8                __pow5mult
 .text.__lshift
                0x0801648c       0xd8 C:/STM32CubeIDE_1.18.1/STM32CubeIDE/plugins/com.st.stm32cube.ide.mcu.externaltools.gnu-tools-for-stm32.13.3.rel1.win32_1.0.0.202411081344/tools/bin/../lib/gcc/arm-none-eabi/13.3.1/../../../../arm-none-eabi/lib/thumb/v7e-m+fp/hard\libc_nano.a(libc_a-mprec.o)
                0x0801648c                __lshift
 .text.__mcmp   0x08016564       0x36 C:/STM32CubeIDE_1.18.1/STM32CubeIDE/plugins/com.st.stm32cube.ide.mcu.externaltools.gnu-tools-for-stm32.13.3.rel1.win32_1.0.0.202411081344/tools/bin/../lib/gcc/arm-none-eabi/13.3.1/../../../../arm-none-eabi/lib/thumb/v7e-m+fp/hard\libc_nano.a(libc_a-mprec.o)
                0x08016564                __mcmp
 *fill*         0x0801659a        0x2 
 .text.__mdiff  0x0801659c      0x128 C:/STM32CubeIDE_1.18.1/STM32CubeIDE/plugins/com.st.stm32cube.ide.mcu.externaltools.gnu-tools-for-stm32.13.3.rel1.win32_1.0.0.202411081344/tools/bin/../lib/gcc/arm-none-eabi/13.3.1/../../../../arm-none-eabi/lib/thumb/v7e-m+fp/hard\libc_nano.a(libc_a-mprec.o)
                0x0801659c                __mdiff
 .text.__ulp    0x080166c4       0x4c C:/STM32CubeIDE_1.18.1/STM32CubeIDE/plugins/com.st.stm32cube.ide.mcu.externaltools.gnu-tools-for-stm32.13.3.rel1.win32_1.0.0.202411081344/tools/bin/../lib/gcc/arm-none-eabi/13.3.1/../../../../arm-none-eabi/lib/thumb/v7e-m+fp/hard\libc_nano.a(libc_a-mprec.o)
                0x080166c4                __ulp
 .text.__b2d    0x08016710       0x94 C:/STM32CubeIDE_1.18.1/STM32CubeIDE/plugins/com.st.stm32cube.ide.mcu.externaltools.gnu-tools-for-stm32.13.3.rel1.win32_1.0.0.202411081344/tools/bin/../lib/gcc/arm-none-eabi/13.3.1/../../../../arm-none-eabi/lib/thumb/v7e-m+fp/hard\libc_nano.a(libc_a-mprec.o)
                0x08016710                __b2d
 .text.__d2b    0x080167a4       0xb0 C:/STM32CubeIDE_1.18.1/STM32CubeIDE/plugins/com.st.stm32cube.ide.mcu.externaltools.gnu-tools-for-stm32.13.3.rel1.win32_1.0.0.202411081344/tools/bin/../lib/gcc/arm-none-eabi/13.3.1/../../../../arm-none-eabi/lib/thumb/v7e-m+fp/hard\libc_nano.a(libc_a-mprec.o)
                0x080167a4                __d2b
 .text.__ratio  0x08016854       0x64 C:/STM32CubeIDE_1.18.1/STM32CubeIDE/plugins/com.st.stm32cube.ide.mcu.externaltools.gnu-tools-for-stm32.13.3.rel1.win32_1.0.0.202411081344/tools/bin/../lib/gcc/arm-none-eabi/13.3.1/../../../../arm-none-eabi/lib/thumb/v7e-m+fp/hard\libc_nano.a(libc_a-mprec.o)
                0x08016854                __ratio
 .text.__copybits
                0x080168b8       0x46 C:/STM32CubeIDE_1.18.1/STM32CubeIDE/plugins/com.st.stm32cube.ide.mcu.externaltools.gnu-tools-for-stm32.13.3.rel1.win32_1.0.0.202411081344/tools/bin/../lib/gcc/arm-none-eabi/13.3.1/../../../../arm-none-eabi/lib/thumb/v7e-m+fp/hard\libc_nano.a(libc_a-mprec.o)
                0x080168b8                __copybits
 .text.__any_on
                0x080168fe       0x42 C:/STM32CubeIDE_1.18.1/STM32CubeIDE/plugins/com.st.stm32cube.ide.mcu.externaltools.gnu-tools-for-stm32.13.3.rel1.win32_1.0.0.202411081344/tools/bin/../lib/gcc/arm-none-eabi/13.3.1/../../../../arm-none-eabi/lib/thumb/v7e-m+fp/hard\libc_nano.a(libc_a-mprec.o)
                0x080168fe                __any_on
 .text.sulp     0x08016940       0x3c C:/STM32CubeIDE_1.18.1/STM32CubeIDE/plugins/com.st.stm32cube.ide.mcu.externaltools.gnu-tools-for-stm32.13.3.rel1.win32_1.0.0.202411081344/tools/bin/../lib/gcc/arm-none-eabi/13.3.1/../../../../arm-none-eabi/lib/thumb/v7e-m+fp/hard\libc_nano.a(libc_a-strtod.o)
 *fill*         0x0801697c        0x4 
 .text._strtod_l
                0x08016980      0xbc8 C:/STM32CubeIDE_1.18.1/STM32CubeIDE/plugins/com.st.stm32cube.ide.mcu.externaltools.gnu-tools-for-stm32.13.3.rel1.win32_1.0.0.202411081344/tools/bin/../lib/gcc/arm-none-eabi/13.3.1/../../../../arm-none-eabi/lib/thumb/v7e-m+fp/hard\libc_nano.a(libc_a-strtod.o)
                0x08016980                _strtod_l
 .text._strtod_r
                0x08017548        0xc C:/STM32CubeIDE_1.18.1/STM32CubeIDE/plugins/com.st.stm32cube.ide.mcu.externaltools.gnu-tools-for-stm32.13.3.rel1.win32_1.0.0.202411081344/tools/bin/../lib/gcc/arm-none-eabi/13.3.1/../../../../arm-none-eabi/lib/thumb/v7e-m+fp/hard\libc_nano.a(libc_a-strtod.o)
                0x08017548                _strtod_r
 .text._strtol_l.isra.0
                0x08017554       0xf4 C:/STM32CubeIDE_1.18.1/STM32CubeIDE/plugins/com.st.stm32cube.ide.mcu.externaltools.gnu-tools-for-stm32.13.3.rel1.win32_1.0.0.202411081344/tools/bin/../lib/gcc/arm-none-eabi/13.3.1/../../../../arm-none-eabi/lib/thumb/v7e-m+fp/hard\libc_nano.a(libc_a-strtol.o)
 .text._strtol_r
                0x08017648        0x4 C:/STM32CubeIDE_1.18.1/STM32CubeIDE/plugins/com.st.stm32cube.ide.mcu.externaltools.gnu-tools-for-stm32.13.3.rel1.win32_1.0.0.202411081344/tools/bin/../lib/gcc/arm-none-eabi/13.3.1/../../../../arm-none-eabi/lib/thumb/v7e-m+fp/hard\libc_nano.a(libc_a-strtol.o)
                0x08017648                _strtol_r
 .text.__ssputs_r
                0x0801764c       0xb6 C:/STM32CubeIDE_1.18.1/STM32CubeIDE/plugins/com.st.stm32cube.ide.mcu.externaltools.gnu-tools-for-stm32.13.3.rel1.win32_1.0.0.202411081344/tools/bin/../lib/gcc/arm-none-eabi/13.3.1/../../../../arm-none-eabi/lib/thumb/v7e-m+fp/hard\libc_nano.a(libc_a-nano-svfprintf.o)
                0x0801764c                __ssputs_r
 *fill*         0x08017702        0x2 
 .text._svfprintf_r
                0x08017704      0x1f8 C:/STM32CubeIDE_1.18.1/STM32CubeIDE/plugins/com.st.stm32cube.ide.mcu.externaltools.gnu-tools-for-stm32.13.3.rel1.win32_1.0.0.202411081344/tools/bin/../lib/gcc/arm-none-eabi/13.3.1/../../../../arm-none-eabi/lib/thumb/v7e-m+fp/hard\libc_nano.a(libc_a-nano-svfprintf.o)
                0x08017704                _svfiprintf_r
                0x08017704                _svfprintf_r
 .text._sungetc_r
                0x080178fc       0x7a C:/STM32CubeIDE_1.18.1/STM32CubeIDE/plugins/com.st.stm32cube.ide.mcu.externaltools.gnu-tools-for-stm32.13.3.rel1.win32_1.0.0.202411081344/tools/bin/../lib/gcc/arm-none-eabi/13.3.1/../../../../arm-none-eabi/lib/thumb/v7e-m+fp/hard\libc_nano.a(libc_a-nano-svfscanf.o)
                0x080178fc                _sungetc_r
 .text.__ssrefill_r
                0x08017976       0x3a C:/STM32CubeIDE_1.18.1/STM32CubeIDE/plugins/com.st.stm32cube.ide.mcu.externaltools.gnu-tools-for-stm32.13.3.rel1.win32_1.0.0.202411081344/tools/bin/../lib/gcc/arm-none-eabi/13.3.1/../../../../arm-none-eabi/lib/thumb/v7e-m+fp/hard\libc_nano.a(libc_a-nano-svfscanf.o)
                0x08017976                __ssrefill_r
 .text.__ssvfscanf_r
                0x080179b0      0x2ec C:/STM32CubeIDE_1.18.1/STM32CubeIDE/plugins/com.st.stm32cube.ide.mcu.externaltools.gnu-tools-for-stm32.13.3.rel1.win32_1.0.0.202411081344/tools/bin/../lib/gcc/arm-none-eabi/13.3.1/../../../../arm-none-eabi/lib/thumb/v7e-m+fp/hard\libc_nano.a(libc_a-nano-svfscanf.o)
                0x080179b0                __ssvfiscanf_r
                0x080179b0                __ssvfscanf_r
 .text._scanf_chars
                0x08017c9c       0xb4 C:/STM32CubeIDE_1.18.1/STM32CubeIDE/plugins/com.st.stm32cube.ide.mcu.externaltools.gnu-tools-for-stm32.13.3.rel1.win32_1.0.0.202411081344/tools/bin/../lib/gcc/arm-none-eabi/13.3.1/../../../../arm-none-eabi/lib/thumb/v7e-m+fp/hard\libc_nano.a(libc_a-nano-vfscanf_i.o)
                0x08017c9c                _scanf_chars
 .text._scanf_i
                0x08017d50      0x1e8 C:/STM32CubeIDE_1.18.1/STM32CubeIDE/plugins/com.st.stm32cube.ide.mcu.externaltools.gnu-tools-for-stm32.13.3.rel1.win32_1.0.0.202411081344/tools/bin/../lib/gcc/arm-none-eabi/13.3.1/../../../../arm-none-eabi/lib/thumb/v7e-m+fp/hard\libc_nano.a(libc_a-nano-vfscanf_i.o)
                0x08017d50                _scanf_i
 .text.__sflush_r
                0x08017f38      0x108 C:/STM32CubeIDE_1.18.1/STM32CubeIDE/plugins/com.st.stm32cube.ide.mcu.externaltools.gnu-tools-for-stm32.13.3.rel1.win32_1.0.0.202411081344/tools/bin/../lib/gcc/arm-none-eabi/13.3.1/../../../../arm-none-eabi/lib/thumb/v7e-m+fp/hard\libc_nano.a(libc_a-fflush.o)
                0x08017f38                __sflush_r
 .text._fflush_r
                0x08018040       0x50 C:/STM32CubeIDE_1.18.1/STM32CubeIDE/plugins/com.st.stm32cube.ide.mcu.externaltools.gnu-tools-for-stm32.13.3.rel1.win32_1.0.0.202411081344/tools/bin/../lib/gcc/arm-none-eabi/13.3.1/../../../../arm-none-eabi/lib/thumb/v7e-m+fp/hard\libc_nano.a(libc_a-fflush.o)
                0x08018040                _fflush_r
 .text.__swhatbuf_r
                0x08018090       0x4c C:/STM32CubeIDE_1.18.1/STM32CubeIDE/plugins/com.st.stm32cube.ide.mcu.externaltools.gnu-tools-for-stm32.13.3.rel1.win32_1.0.0.202411081344/tools/bin/../lib/gcc/arm-none-eabi/13.3.1/../../../../arm-none-eabi/lib/thumb/v7e-m+fp/hard\libc_nano.a(libc_a-makebuf.o)
                0x08018090                __swhatbuf_r
 .text.__smakebuf_r
                0x080180dc       0x78 C:/STM32CubeIDE_1.18.1/STM32CubeIDE/plugins/com.st.stm32cube.ide.mcu.externaltools.gnu-tools-for-stm32.13.3.rel1.win32_1.0.0.202411081344/tools/bin/../lib/gcc/arm-none-eabi/13.3.1/../../../../arm-none-eabi/lib/thumb/v7e-m+fp/hard\libc_nano.a(libc_a-makebuf.o)
                0x080180dc                __smakebuf_r
 .text.__sccl   0x08018154       0x72 C:/STM32CubeIDE_1.18.1/STM32CubeIDE/plugins/com.st.stm32cube.ide.mcu.externaltools.gnu-tools-for-stm32.13.3.rel1.win32_1.0.0.202411081344/tools/bin/../lib/gcc/arm-none-eabi/13.3.1/../../../../arm-none-eabi/lib/thumb/v7e-m+fp/hard\libc_nano.a(libc_a-sccl.o)
                0x08018154                __sccl
 .text.__submore
                0x080181c6       0x74 C:/STM32CubeIDE_1.18.1/STM32CubeIDE/plugins/com.st.stm32cube.ide.mcu.externaltools.gnu-tools-for-stm32.13.3.rel1.win32_1.0.0.202411081344/tools/bin/../lib/gcc/arm-none-eabi/13.3.1/../../../../arm-none-eabi/lib/thumb/v7e-m+fp/hard\libc_nano.a(libc_a-ungetc.o)
                0x080181c6                __submore
 .text.memmove  0x0801823a       0x34 C:/STM32CubeIDE_1.18.1/STM32CubeIDE/plugins/com.st.stm32cube.ide.mcu.externaltools.gnu-tools-for-stm32.13.3.rel1.win32_1.0.0.202411081344/tools/bin/../lib/gcc/arm-none-eabi/13.3.1/../../../../arm-none-eabi/lib/thumb/v7e-m+fp/hard\libc_nano.a(libc_a-memmove.o)
                0x0801823a                memmove
 .text.strncmp  0x0801826e       0x24 C:/STM32CubeIDE_1.18.1/STM32CubeIDE/plugins/com.st.stm32cube.ide.mcu.externaltools.gnu-tools-for-stm32.13.3.rel1.win32_1.0.0.202411081344/tools/bin/../lib/gcc/arm-none-eabi/13.3.1/../../../../arm-none-eabi/lib/thumb/v7e-m+fp/hard\libc_nano.a(libc_a-strncmp.o)
                0x0801826e                strncmp
 *fill*         0x08018292        0x2 
 .text._fstat_r
                0x08018294       0x24 C:/STM32CubeIDE_1.18.1/STM32CubeIDE/plugins/com.st.stm32cube.ide.mcu.externaltools.gnu-tools-for-stm32.13.3.rel1.win32_1.0.0.202411081344/tools/bin/../lib/gcc/arm-none-eabi/13.3.1/../../../../arm-none-eabi/lib/thumb/v7e-m+fp/hard\libc_nano.a(libc_a-fstatr.o)
                0x08018294                _fstat_r
 .text._isatty_r
                0x080182b8       0x20 C:/STM32CubeIDE_1.18.1/STM32CubeIDE/plugins/com.st.stm32cube.ide.mcu.externaltools.gnu-tools-for-stm32.13.3.rel1.win32_1.0.0.202411081344/tools/bin/../lib/gcc/arm-none-eabi/13.3.1/../../../../arm-none-eabi/lib/thumb/v7e-m+fp/hard\libc_nano.a(libc_a-isattyr.o)
                0x080182b8                _isatty_r
 .text.memcpy   0x080182d8       0x1c C:/STM32CubeIDE_1.18.1/STM32CubeIDE/plugins/com.st.stm32cube.ide.mcu.externaltools.gnu-tools-for-stm32.13.3.rel1.win32_1.0.0.202411081344/tools/bin/../lib/gcc/arm-none-eabi/13.3.1/../../../../arm-none-eabi/lib/thumb/v7e-m+fp/hard\libc_nano.a(libc_a-memcpy-stub.o)
                0x080182d8                memcpy
 *fill*         0x080182f4        0x4 
 .text.nan      0x080182f8       0x10 C:/STM32CubeIDE_1.18.1/STM32CubeIDE/plugins/com.st.stm32cube.ide.mcu.externaltools.gnu-tools-for-stm32.13.3.rel1.win32_1.0.0.202411081344/tools/bin/../lib/gcc/arm-none-eabi/13.3.1/../../../../arm-none-eabi/lib/thumb/v7e-m+fp/hard\libc_nano.a(libm_a-s_nan.o)
                0x080182f8                nan
 .text.__assert_func
                0x08018308       0x3c C:/STM32CubeIDE_1.18.1/STM32CubeIDE/plugins/com.st.stm32cube.ide.mcu.externaltools.gnu-tools-for-stm32.13.3.rel1.win32_1.0.0.202411081344/tools/bin/../lib/gcc/arm-none-eabi/13.3.1/../../../../arm-none-eabi/lib/thumb/v7e-m+fp/hard\libc_nano.a(libc_a-assert.o)
                0x08018308                __assert_func
 .text._calloc_r
                0x08018344       0x28 C:/STM32CubeIDE_1.18.1/STM32CubeIDE/plugins/com.st.stm32cube.ide.mcu.externaltools.gnu-tools-for-stm32.13.3.rel1.win32_1.0.0.202411081344/tools/bin/../lib/gcc/arm-none-eabi/13.3.1/../../../../arm-none-eabi/lib/thumb/v7e-m+fp/hard\libc_nano.a(libc_a-callocr.o)
                0x08018344                _calloc_r
 .text.rshift   0x0801836c       0xa4 C:/STM32CubeIDE_1.18.1/STM32CubeIDE/plugins/com.st.stm32cube.ide.mcu.externaltools.gnu-tools-for-stm32.13.3.rel1.win32_1.0.0.202411081344/tools/bin/../lib/gcc/arm-none-eabi/13.3.1/../../../../arm-none-eabi/lib/thumb/v7e-m+fp/hard\libc_nano.a(libc_a-gdtoa-gethex.o)
 .text.__hexdig_fun
                0x08018410       0x2a C:/STM32CubeIDE_1.18.1/STM32CubeIDE/plugins/com.st.stm32cube.ide.mcu.externaltools.gnu-tools-for-stm32.13.3.rel1.win32_1.0.0.202411081344/tools/bin/../lib/gcc/arm-none-eabi/13.3.1/../../../../arm-none-eabi/lib/thumb/v7e-m+fp/hard\libc_nano.a(libc_a-gdtoa-gethex.o)
                0x08018410                __hexdig_fun
 *fill*         0x0801843a        0x2 
 .text.__gethex
                0x0801843c      0x420 C:/STM32CubeIDE_1.18.1/STM32CubeIDE/plugins/com.st.stm32cube.ide.mcu.externaltools.gnu-tools-for-stm32.13.3.rel1.win32_1.0.0.202411081344/tools/bin/../lib/gcc/arm-none-eabi/13.3.1/../../../../arm-none-eabi/lib/thumb/v7e-m+fp/hard\libc_nano.a(libc_a-gdtoa-gethex.o)
                0x0801843c                __gethex
 .text.L_shift  0x0801885c       0x24 C:/STM32CubeIDE_1.18.1/STM32CubeIDE/plugins/com.st.stm32cube.ide.mcu.externaltools.gnu-tools-for-stm32.13.3.rel1.win32_1.0.0.202411081344/tools/bin/../lib/gcc/arm-none-eabi/13.3.1/../../../../arm-none-eabi/lib/thumb/v7e-m+fp/hard\libc_nano.a(libc_a-gdtoa-hexnan.o)
 .text.__match  0x08018880       0x28 C:/STM32CubeIDE_1.18.1/STM32CubeIDE/plugins/com.st.stm32cube.ide.mcu.externaltools.gnu-tools-for-stm32.13.3.rel1.win32_1.0.0.202411081344/tools/bin/../lib/gcc/arm-none-eabi/13.3.1/../../../../arm-none-eabi/lib/thumb/v7e-m+fp/hard\libc_nano.a(libc_a-gdtoa-hexnan.o)
                0x08018880                __match
 .text.__hexnan
                0x080188a8      0x136 C:/STM32CubeIDE_1.18.1/STM32CubeIDE/plugins/com.st.stm32cube.ide.mcu.externaltools.gnu-tools-for-stm32.13.3.rel1.win32_1.0.0.202411081344/tools/bin/../lib/gcc/arm-none-eabi/13.3.1/../../../../arm-none-eabi/lib/thumb/v7e-m+fp/hard\libc_nano.a(libc_a-gdtoa-hexnan.o)
                0x080188a8                __hexnan
 .text.__ascii_mbtowc
                0x080189de       0x24 C:/STM32CubeIDE_1.18.1/STM32CubeIDE/plugins/com.st.stm32cube.ide.mcu.externaltools.gnu-tools-for-stm32.13.3.rel1.win32_1.0.0.202411081344/tools/bin/../lib/gcc/arm-none-eabi/13.3.1/../../../../arm-none-eabi/lib/thumb/v7e-m+fp/hard\libc_nano.a(libc_a-mbtowc_r.o)
                0x080189de                __ascii_mbtowc
 .text._realloc_r
                0x08018a02       0x5c C:/STM32CubeIDE_1.18.1/STM32CubeIDE/plugins/com.st.stm32cube.ide.mcu.externaltools.gnu-tools-for-stm32.13.3.rel1.win32_1.0.0.202411081344/tools/bin/../lib/gcc/arm-none-eabi/13.3.1/../../../../arm-none-eabi/lib/thumb/v7e-m+fp/hard\libc_nano.a(libc_a-reallocr.o)
                0x08018a02                _realloc_r
 *fill*         0x08018a5e        0x2 
 .text._strtoul_l.isra.0
                0x08018a60       0xdc C:/STM32CubeIDE_1.18.1/STM32CubeIDE/plugins/com.st.stm32cube.ide.mcu.externaltools.gnu-tools-for-stm32.13.3.rel1.win32_1.0.0.202411081344/tools/bin/../lib/gcc/arm-none-eabi/13.3.1/../../../../arm-none-eabi/lib/thumb/v7e-m+fp/hard\libc_nano.a(libc_a-strtoul.o)
 .text._strtoul_r
                0x08018b3c        0x4 C:/STM32CubeIDE_1.18.1/STM32CubeIDE/plugins/com.st.stm32cube.ide.mcu.externaltools.gnu-tools-for-stm32.13.3.rel1.win32_1.0.0.202411081344/tools/bin/../lib/gcc/arm-none-eabi/13.3.1/../../../../arm-none-eabi/lib/thumb/v7e-m+fp/hard\libc_nano.a(libc_a-strtoul.o)
                0x08018b3c                _strtoul_r
 .text.__ascii_wctomb
                0x08018b40       0x1a C:/STM32CubeIDE_1.18.1/STM32CubeIDE/plugins/com.st.stm32cube.ide.mcu.externaltools.gnu-tools-for-stm32.13.3.rel1.win32_1.0.0.202411081344/tools/bin/../lib/gcc/arm-none-eabi/13.3.1/../../../../arm-none-eabi/lib/thumb/v7e-m+fp/hard\libc_nano.a(libc_a-wctomb_r.o)
                0x08018b40                __ascii_wctomb
 *fill*         0x08018b5a        0x2 
 .text.fprintf  0x08018b5c       0x24 C:/STM32CubeIDE_1.18.1/STM32CubeIDE/plugins/com.st.stm32cube.ide.mcu.externaltools.gnu-tools-for-stm32.13.3.rel1.win32_1.0.0.202411081344/tools/bin/../lib/gcc/arm-none-eabi/13.3.1/../../../../arm-none-eabi/lib/thumb/v7e-m+fp/hard\libc_nano.a(libc_a-fprintf.o)
                0x08018b5c                fiprintf
                0x08018b5c                fprintf
 .text.abort    0x08018b80        0xe C:/STM32CubeIDE_1.18.1/STM32CubeIDE/plugins/com.st.stm32cube.ide.mcu.externaltools.gnu-tools-for-stm32.13.3.rel1.win32_1.0.0.202411081344/tools/bin/../lib/gcc/arm-none-eabi/13.3.1/../../../../arm-none-eabi/lib/thumb/v7e-m+fp/hard\libc_nano.a(libc_a-abort.o)
                0x08018b80                abort
 .text._malloc_usable_size_r
                0x08018b8e       0x10 C:/STM32CubeIDE_1.18.1/STM32CubeIDE/plugins/com.st.stm32cube.ide.mcu.externaltools.gnu-tools-for-stm32.13.3.rel1.win32_1.0.0.202411081344/tools/bin/../lib/gcc/arm-none-eabi/13.3.1/../../../../arm-none-eabi/lib/thumb/v7e-m+fp/hard\libc_nano.a(libc_a-msizer.o)
                0x08018b8e                _malloc_usable_size_r
 .text.__sfputc_r
                0x08018b9e       0x2e C:/STM32CubeIDE_1.18.1/STM32CubeIDE/plugins/com.st.stm32cube.ide.mcu.externaltools.gnu-tools-for-stm32.13.3.rel1.win32_1.0.0.202411081344/tools/bin/../lib/gcc/arm-none-eabi/13.3.1/../../../../arm-none-eabi/lib/thumb/v7e-m+fp/hard\libc_nano.a(libc_a-nano-vfprintf.o)
 .text.__sfputs_r
                0x08018bcc       0x24 C:/STM32CubeIDE_1.18.1/STM32CubeIDE/plugins/com.st.stm32cube.ide.mcu.externaltools.gnu-tools-for-stm32.13.3.rel1.win32_1.0.0.202411081344/tools/bin/../lib/gcc/arm-none-eabi/13.3.1/../../../../arm-none-eabi/lib/thumb/v7e-m+fp/hard\libc_nano.a(libc_a-nano-vfprintf.o)
                0x08018bcc                __sfputs_r
 .text._vfprintf_r
                0x08018bf0      0x230 C:/STM32CubeIDE_1.18.1/STM32CubeIDE/plugins/com.st.stm32cube.ide.mcu.externaltools.gnu-tools-for-stm32.13.3.rel1.win32_1.0.0.202411081344/tools/bin/../lib/gcc/arm-none-eabi/13.3.1/../../../../arm-none-eabi/lib/thumb/v7e-m+fp/hard\libc_nano.a(libc_a-nano-vfprintf.o)
                0x08018bf0                _vfprintf_r
                0x08018bf0                _vfiprintf_r
 .text._raise_r
                0x08018e20       0x50 C:/STM32CubeIDE_1.18.1/STM32CubeIDE/plugins/com.st.stm32cube.ide.mcu.externaltools.gnu-tools-for-stm32.13.3.rel1.win32_1.0.0.202411081344/tools/bin/../lib/gcc/arm-none-eabi/13.3.1/../../../../arm-none-eabi/lib/thumb/v7e-m+fp/hard\libc_nano.a(libc_a-signal.o)
                0x08018e20                _raise_r
 .text.raise    0x08018e70       0x10 C:/STM32CubeIDE_1.18.1/STM32CubeIDE/plugins/com.st.stm32cube.ide.mcu.externaltools.gnu-tools-for-stm32.13.3.rel1.win32_1.0.0.202411081344/tools/bin/../lib/gcc/arm-none-eabi/13.3.1/../../../../arm-none-eabi/lib/thumb/v7e-m+fp/hard\libc_nano.a(libc_a-signal.o)
                0x08018e70                raise
 .text._kill_r  0x08018e80       0x24 C:/STM32CubeIDE_1.18.1/STM32CubeIDE/plugins/com.st.stm32cube.ide.mcu.externaltools.gnu-tools-for-stm32.13.3.rel1.win32_1.0.0.202411081344/tools/bin/../lib/gcc/arm-none-eabi/13.3.1/../../../../arm-none-eabi/lib/thumb/v7e-m+fp/hard\libc_nano.a(libc_a-signalr.o)
                0x08018e80                _kill_r
 .text._getpid_r
                0x08018ea4        0x4 C:/STM32CubeIDE_1.18.1/STM32CubeIDE/plugins/com.st.stm32cube.ide.mcu.externaltools.gnu-tools-for-stm32.13.3.rel1.win32_1.0.0.202411081344/tools/bin/../lib/gcc/arm-none-eabi/13.3.1/../../../../arm-none-eabi/lib/thumb/v7e-m+fp/hard\libc_nano.a(libc_a-signalr.o)
                0x08018ea4                _getpid_r
 .text.roundf   0x08018ea8       0x48 C:/STM32CubeIDE_1.18.1/STM32CubeIDE/plugins/com.st.stm32cube.ide.mcu.externaltools.gnu-tools-for-stm32.13.3.rel1.win32_1.0.0.202411081344/tools/bin/../lib/gcc/arm-none-eabi/13.3.1/../../../../arm-none-eabi/lib/thumb/v7e-m+fp/hard\libm.a(libm_a-sf_round.o)
                0x08018ea8                roundf
 *(.glue_7)
 .glue_7        0x08018ef0        0x0 linker stubs
 *(.glue_7t)
 .glue_7t       0x08018ef0        0x0 linker stubs
 *(.eh_frame)
 .eh_frame      0x08018ef0        0x0 C:/STM32CubeIDE_1.18.1/STM32CubeIDE/plugins/com.st.stm32cube.ide.mcu.externaltools.gnu-tools-for-stm32.13.3.rel1.win32_1.0.0.202411081344/tools/bin/../lib/gcc/arm-none-eabi/13.3.1/thumb/v7e-m+fp/hard/crtbegin.o
 *(.init)
 .init          0x08018ef0        0x4 C:/STM32CubeIDE_1.18.1/STM32CubeIDE/plugins/com.st.stm32cube.ide.mcu.externaltools.gnu-tools-for-stm32.13.3.rel1.win32_1.0.0.202411081344/tools/bin/../lib/gcc/arm-none-eabi/13.3.1/thumb/v7e-m+fp/hard/crti.o
                0x08018ef0                _init
 .init          0x08018ef4        0x8 C:/STM32CubeIDE_1.18.1/STM32CubeIDE/plugins/com.st.stm32cube.ide.mcu.externaltools.gnu-tools-for-stm32.13.3.rel1.win32_1.0.0.202411081344/tools/bin/../lib/gcc/arm-none-eabi/13.3.1/thumb/v7e-m+fp/hard/crtn.o
 *(.fini)
 .fini          0x08018efc        0x4 C:/STM32CubeIDE_1.18.1/STM32CubeIDE/plugins/com.st.stm32cube.ide.mcu.externaltools.gnu-tools-for-stm32.13.3.rel1.win32_1.0.0.202411081344/tools/bin/../lib/gcc/arm-none-eabi/13.3.1/thumb/v7e-m+fp/hard/crti.o
                0x08018efc                _fini
 .fini          0x08018f00        0x8 C:/STM32CubeIDE_1.18.1/STM32CubeIDE/plugins/com.st.stm32cube.ide.mcu.externaltools.gnu-tools-for-stm32.13.3.rel1.win32_1.0.0.202411081344/tools/bin/../lib/gcc/arm-none-eabi/13.3.1/thumb/v7e-m+fp/hard/crtn.o
                0x08018f08                        . = ALIGN (0x4)
                0x08018f08                        _etext = .

.vfp11_veneer   0x08018f08        0x0
 .vfp11_veneer  0x08018f08        0x0 linker stubs

.v4_bx          0x08018f08        0x0
 .v4_bx         0x08018f08        0x0 linker stubs

.iplt           0x08018f08        0x0
 .iplt          0x08018f08        0x0 C:/STM32CubeIDE_1.18.1/STM32CubeIDE/plugins/com.st.stm32cube.ide.mcu.externaltools.gnu-tools-for-stm32.13.3.rel1.win32_1.0.0.202411081344/tools/bin/../lib/gcc/arm-none-eabi/13.3.1/thumb/v7e-m+fp/hard/crtbegin.o

.rodata         0x08018f08      0x6ec
                0x08018f08                        . = ALIGN (0x4)
 *(.rodata)
 .rodata        0x08018f08        0x6 ./Core/Src/Fluid_Sense.o
 *fill*         0x08018f0e        0x2 
 .rodata        0x08018f10        0xa ./Core/Src/Nozzle_Motor_Z.o
 *fill*         0x08018f1a        0x2 
 .rodata        0x08018f1c        0xe ./Core/Src/Probe_Motor_Z.o
 *fill*         0x08018f2a        0x2 
 .rodata        0x08018f2c        0xe ./Core/Src/Rocking_Motor.o
 *fill*         0x08018f3a        0x2 
 .rodata        0x08018f3c        0xa ./Core/Src/Syringe_Motor.o
 *fill*         0x08018f46        0x2 
 .rodata        0x08018f48       0x16 ./Core/Src/X_Motor.o
 *fill*         0x08018f5e        0x2 
 .rodata        0x08018f60      0x1d2 ./Core/Src/command_processor.o
 *fill*         0x08019132        0x2 
 .rodata        0x08019134       0x19 ./Core/Src/main.o
 *fill*         0x0801914d        0x3 