../Core/Src/i2c.c:31:6:MX_I2C2_Init	8	static
../Core/Src/i2c.c:60:6:HAL_I2C_MspInit	48	static
../Core/Src/i2c.c:98:6:HAL_I2C_MspDeInit	16	static
../Core/Src/i2c.c:125:6:I2C_ScanBus	48	static
../Core/Src/i2c.c:145:6:MCP4661_SetWriteProtect	16	static
../Core/Src/i2c.c:158:6:MCP4661_WriteWiperNV	32	static
../Core/Src/i2c.c:205:9:VoltageToWiper	16	static
../Core/Src/i2c.c:216:7:WiperToVoltage	16	static
../Core/Src/i2c.c:226:9:I2C_Device_Check	16	static
../Core/Src/i2c.c:255:10:ADS7828_ReadChannel	32	static
../Core/Src/i2c.c:300:7:ADS7828_ConvertToVoltage	24	static
../Core/Src/i2c.c:325:7:ADS7828_ReadChannelVoltage	24	static
../Core/Src/i2c.c:335:10:ADS7828_ReadChannelAdcValue	24	static
../Core/Src/i2c.c:343:7:Read_Sensor_Volage	16	static
../Core/Src/i2c.c:387:19:MCP4661_WriteWiperRAM	32	static
../Core/Src/i2c.c:420:19:MCP4661_WriteWiper0_RAM	96	static
../Core/Src/i2c.c:456:19:MCP4661_ReadWiper0_RAM	120	static
../Core/Src/i2c.c:497:6:Test_MCP4661_Corrected	144	static
../Core/Src/i2c.c:527:19:MCP4661_ReadStatusRegister	104	static
../Core/Src/i2c.c:559:9:voltageToStep	24	static
../Core/Src/i2c.c:776:19:MCP4661_WriteWiper_EEPROM	32	static
../Core/Src/i2c.c:823:19:MCP4661_ReadWiper_EEPROM	136	static
../Core/Src/i2c.c:872:6:MCP4661_SetHardwareWriteProtect	16	static
../Core/Src/i2c.c:881:6:I2C2_Recover	40	static
../Core/Src/i2c.c:930:9:resistance_to_wiper	32	static
