../Core/Src/tim.c:45:6:MX_TIM3_Init	40	static
../Core/Src/tim.c:89:6:MX_TIM4_Init	32	static
../Core/Src/tim.c:129:6:MX_TIM5_Init	64	static
../Core/Src/tim.c:183:6:MX_TIM9_Init	56	static
../Core/Src/tim.c:230:6:MX_TIM10_Init	40	static
../Core/Src/tim.c:271:6:MX_TIM11_Init	40	static
../Core/Src/tim.c:312:6:MX_TIM12_Init	56	static
../Core/Src/tim.c:363:6:MX_TIM13_Init	8	static
../Core/Src/tim.c:389:6:HAL_TIM_Base_MspInit	72	static
../Core/Src/tim.c:517:6:HAL_TIM_MspPostInit	56	static
../Core/Src/tim.c:629:6:HAL_TIM_Base_MspDeInit	16	static
../Core/Src/tim.c:756:6:Start_PWM	40	static
../Core/Src/tim.c:785:6:Stop_PWM	16	static
../Core/Src/tim.c:797:6:HAL_TIM_PeriodElapsedCallback	16	static
../Core/Src/tim.c:877:6:HAL_TIM_IC_CaptureCallback	16	static
