../Core/Src/usart.c:33:6:MX_UART4_Init	8	static
../Core/Src/usart.c:62:6:MX_USART1_UART_Init	8	static
../Core/Src/usart.c:91:6:MX_USART3_UART_Init	8	static
../Core/Src/usart.c:119:6:HAL_UART_MspInit	64	static
../Core/Src/usart.c:203:6:HAL_UART_MspDeInit	16	static
../Core/Src/usart.c:267:6:putchr	16	static
../Core/Src/usart.c:271:6:putstr	16	static
../Core/Src/usart.c:279:6:print_frequency	80	static
../Core/Src/usart.c:285:6:delay_ms	16	static
../Core/Src/usart.c:290:6:HAL_UART_RxCpltCallback	16	static
